Archive member included to satisfy reference by file (symbol)

C:/ST/STM32CubeIDE_1.5.0/STM32CubeIDE/plugins/com.st.stm32cube.ide.mcu.externaltools.gnu-tools-for-stm32.11.3.rel1.win32_1.1.100.202309141235/tools/bin/../lib/gcc/arm-none-eabi/11.3.1/../../../../arm-none-eabi/lib/thumb/v7e-m+dp/hard\libc_nano.a(libc_a-exit.o)
                              C:/ST/STM32CubeIDE_1.5.0/STM32CubeIDE/plugins/com.st.stm32cube.ide.mcu.externaltools.gnu-tools-for-stm32.11.3.rel1.win32_1.1.100.202309141235/tools/bin/../lib/gcc/arm-none-eabi/11.3.1/../../../../arm-none-eabi/lib/thumb/v7e-m+dp/hard/crt0.o (exit)
C:/ST/STM32CubeIDE_1.5.0/STM32CubeIDE/plugins/com.st.stm32cube.ide.mcu.externaltools.gnu-tools-for-stm32.11.3.rel1.win32_1.1.100.202309141235/tools/bin/../lib/gcc/arm-none-eabi/11.3.1/../../../../arm-none-eabi/lib/thumb/v7e-m+dp/hard\libc_nano.a(libc_a-findfp.o)
                              ./Middlewares/Third_Party/FreeRTOS/Source/tasks.o (__sf)
C:/ST/STM32CubeIDE_1.5.0/STM32CubeIDE/plugins/com.st.stm32cube.ide.mcu.externaltools.gnu-tools-for-stm32.11.3.rel1.win32_1.1.100.202309141235/tools/bin/../lib/gcc/arm-none-eabi/11.3.1/../../../../arm-none-eabi/lib/thumb/v7e-m+dp/hard\libc_nano.a(libc_a-fwalk.o)
                              C:/ST/STM32CubeIDE_1.5.0/STM32CubeIDE/plugins/com.st.stm32cube.ide.mcu.externaltools.gnu-tools-for-stm32.11.3.rel1.win32_1.1.100.202309141235/tools/bin/../lib/gcc/arm-none-eabi/11.3.1/../../../../arm-none-eabi/lib/thumb/v7e-m+dp/hard\libc_nano.a(libc_a-findfp.o) (_fwalk_sglue)
C:/ST/STM32CubeIDE_1.5.0/STM32CubeIDE/plugins/com.st.stm32cube.ide.mcu.externaltools.gnu-tools-for-stm32.11.3.rel1.win32_1.1.100.202309141235/tools/bin/../lib/gcc/arm-none-eabi/11.3.1/../../../../arm-none-eabi/lib/thumb/v7e-m+dp/hard\libc_nano.a(libc_a-stdio.o)
                              C:/ST/STM32CubeIDE_1.5.0/STM32CubeIDE/plugins/com.st.stm32cube.ide.mcu.externaltools.gnu-tools-for-stm32.11.3.rel1.win32_1.1.100.202309141235/tools/bin/../lib/gcc/arm-none-eabi/11.3.1/../../../../arm-none-eabi/lib/thumb/v7e-m+dp/hard\libc_nano.a(libc_a-findfp.o) (__sread)
C:/ST/STM32CubeIDE_1.5.0/STM32CubeIDE/plugins/com.st.stm32cube.ide.mcu.externaltools.gnu-tools-for-stm32.11.3.rel1.win32_1.1.100.202309141235/tools/bin/../lib/gcc/arm-none-eabi/11.3.1/../../../../arm-none-eabi/lib/thumb/v7e-m+dp/hard\libc_nano.a(libc_a-memset.o)
                              C:/ST/STM32CubeIDE_1.5.0/STM32CubeIDE/plugins/com.st.stm32cube.ide.mcu.externaltools.gnu-tools-for-stm32.11.3.rel1.win32_1.1.100.202309141235/tools/bin/../lib/gcc/arm-none-eabi/11.3.1/../../../../arm-none-eabi/lib/thumb/v7e-m+dp/hard/crt0.o (memset)
C:/ST/STM32CubeIDE_1.5.0/STM32CubeIDE/plugins/com.st.stm32cube.ide.mcu.externaltools.gnu-tools-for-stm32.11.3.rel1.win32_1.1.100.202309141235/tools/bin/../lib/gcc/arm-none-eabi/11.3.1/../../../../arm-none-eabi/lib/thumb/v7e-m+dp/hard\libc_nano.a(libc_a-closer.o)
                              C:/ST/STM32CubeIDE_1.5.0/STM32CubeIDE/plugins/com.st.stm32cube.ide.mcu.externaltools.gnu-tools-for-stm32.11.3.rel1.win32_1.1.100.202309141235/tools/bin/../lib/gcc/arm-none-eabi/11.3.1/../../../../arm-none-eabi/lib/thumb/v7e-m+dp/hard\libc_nano.a(libc_a-stdio.o) (_close_r)
C:/ST/STM32CubeIDE_1.5.0/STM32CubeIDE/plugins/com.st.stm32cube.ide.mcu.externaltools.gnu-tools-for-stm32.11.3.rel1.win32_1.1.100.202309141235/tools/bin/../lib/gcc/arm-none-eabi/11.3.1/../../../../arm-none-eabi/lib/thumb/v7e-m+dp/hard\libc_nano.a(libc_a-reent.o)
                              ./Middlewares/Third_Party/FreeRTOS/Source/tasks.o (_reclaim_reent)
C:/ST/STM32CubeIDE_1.5.0/STM32CubeIDE/plugins/com.st.stm32cube.ide.mcu.externaltools.gnu-tools-for-stm32.11.3.rel1.win32_1.1.100.202309141235/tools/bin/../lib/gcc/arm-none-eabi/11.3.1/../../../../arm-none-eabi/lib/thumb/v7e-m+dp/hard\libc_nano.a(libc_a-impure.o)
                              ./Middlewares/Third_Party/FreeRTOS/Source/tasks.o (_impure_ptr)
C:/ST/STM32CubeIDE_1.5.0/STM32CubeIDE/plugins/com.st.stm32cube.ide.mcu.externaltools.gnu-tools-for-stm32.11.3.rel1.win32_1.1.100.202309141235/tools/bin/../lib/gcc/arm-none-eabi/11.3.1/../../../../arm-none-eabi/lib/thumb/v7e-m+dp/hard\libc_nano.a(libc_a-lseekr.o)
                              C:/ST/STM32CubeIDE_1.5.0/STM32CubeIDE/plugins/com.st.stm32cube.ide.mcu.externaltools.gnu-tools-for-stm32.11.3.rel1.win32_1.1.100.202309141235/tools/bin/../lib/gcc/arm-none-eabi/11.3.1/../../../../arm-none-eabi/lib/thumb/v7e-m+dp/hard\libc_nano.a(libc_a-stdio.o) (_lseek_r)
C:/ST/STM32CubeIDE_1.5.0/STM32CubeIDE/plugins/com.st.stm32cube.ide.mcu.externaltools.gnu-tools-for-stm32.11.3.rel1.win32_1.1.100.202309141235/tools/bin/../lib/gcc/arm-none-eabi/11.3.1/../../../../arm-none-eabi/lib/thumb/v7e-m+dp/hard\libc_nano.a(libc_a-readr.o)
[...]
Memory Configuration

Name             Origin             Length             Attributes
RAM              0x0000000020000000 0x0000000000080000 xrw
FLASH            0x0000000008000000 0x0000000000200000 xr
*default*        0x0000000000000000 0xffffffffffffffff

Linker script and memory map

LOAD C:/ST/STM32CubeIDE_1.5.0/STM32CubeIDE/plugins/com.st.stm32cube.ide.mcu.externaltools.gnu-tools-for-stm32.11.3.rel1.win32_1.1.100.202309141235/tools/bin/../lib/gcc/arm-none-eabi/11.3.1/thumb/v7e-m+dp/hard/crti.o
LOAD C:/ST/STM32CubeIDE_1.5.0/STM32CubeIDE/plugins/com.st.stm32cube.ide.mcu.externaltools.gnu-tools-for-stm32.11.3.rel1.win32_1.1.100.202309141235/tools/bin/../lib/gcc/arm-none-eabi/11.3.1/thumb/v7e-m+dp/hard/crtbegin.o
LOAD C:/ST/STM32CubeIDE_1.5.0/STM32CubeIDE/plugins/com.st.stm32cube.ide.mcu.externaltools.gnu-tools-for-stm32.11.3.rel1.win32_1.1.100.202309141235/tools/bin/../lib/gcc/arm-none-eabi/11.3.1/../../../../arm-none-eabi/lib/thumb/v7e-m+dp/hard/crt0.o
LOAD ./Core/Src/can.o
LOAD ./Core/Src/can_utils.o
LOAD ./Core/Src/crc.o
LOAD ./Core/Src/freertos.o
LOAD ./Core/Src/gpio.o
LOAD ./Core/Src/main.o
LOAD ./Core/Src/stm32f7xx_hal_msp.o
LOAD ./Core/Src/stm32f7xx_hal_timebase_tim.o
LOAD ./Core/Src/stm32f7xx_it.o
LOAD ./Core/Src/syscalls.o
LOAD ./Core/Src/sysmem.o
LOAD ./Core/Src/system_stm32f7xx.o
LOAD ./Core/Src/usart.o
LOAD ./Core/Startup/startup_stm32f767zitx.o
LOAD ./Drivers/STM32F7xx_HAL_Driver/Src/stm32f7xx_hal.o
LOAD ./Drivers/STM32F7xx_HAL_Driver/Src/stm32f7xx_hal_can.o
LOAD ./Drivers/STM32F7xx_HAL_Driver/Src/stm32f7xx_hal_cortex.o
LOAD ./Drivers/STM32F7xx_HAL_Driver/Src/stm32f7xx_hal_crc.o
LOAD ./Drivers/STM32F7xx_HAL_Driver/Src/stm32f7xx_hal_crc_ex.o
LOAD ./Drivers/STM32F7xx_HAL_Driver/Src/stm32f7xx_hal_dma.o
LOAD ./Drivers/STM32F7xx_HAL_Driver/Src/stm32f7xx_hal_dma_ex.o
LOAD ./Drivers/STM32F7xx_HAL_Driver/Src/stm32f7xx_hal_exti.o
LOAD ./Drivers/STM32F7xx_HAL_Driver/Src/stm32f7xx_hal_flash.o
LOAD ./Drivers/STM32F7xx_HAL_Driver/Src/stm32f7xx_hal_flash_ex.o
LOAD ./Drivers/STM32F7xx_HAL_Driver/Src/stm32f7xx_hal_gpio.o
LOAD ./Drivers/STM32F7xx_HAL_Driver/Src/stm32f7xx_hal_i2c.o
LOAD ./Drivers/STM32F7xx_HAL_Driver/Src/stm32f7xx_hal_i2c_ex.o
LOAD ./Drivers/STM32F7xx_HAL_Driver/Src/stm32f7xx_hal_pwr.o
LOAD ./Drivers/STM32F7xx_HAL_Driver/Src/stm32f7xx_hal_pwr_ex.o
LOAD ./Drivers/STM32F7xx_HAL_Driver/Src/stm32f7xx_hal_rcc.o
LOAD ./Drivers/STM32F7xx_HAL_Driver/Src/stm32f7xx_hal_rcc_ex.o
LOAD ./Drivers/STM32F7xx_HAL_Driver/Src/stm32f7xx_hal_tim.o
LOAD ./Drivers/STM32F7xx_HAL_Driver/Src/stm32f7xx_hal_tim_ex.o
LOAD ./Drivers/STM32F7xx_HAL_Driver/Src/stm32f7xx_hal_uart.o
LOAD ./Drivers/STM32F7xx_HAL_Driver/Src/stm32f7xx_hal_uart_ex.o
LOAD ./Middlewares/Third_Party/FreeRTOS/Source/CMSIS_RTOS_V2/cmsis_os2.o
LOAD ./Middlewares/Third_Party/FreeRTOS/Source/croutine.o
LOAD ./Middlewares/Third_Party/FreeRTOS/Source/event_groups.o
LOAD ./Middlewares/Third_Party/FreeRTOS/Source/list.o
LOAD ./Middlewares/Third_Party/FreeRTOS/Source/queue.o
LOAD ./Middlewares/Third_Party/FreeRTOS/Source/stream_buffer.o
LOAD ./Middlewares/Third_Party/FreeRTOS/Source/tasks.o
LOAD ./Middlewares/Third_Party/FreeRTOS/Source/timers.o
LOAD ./Middlewares/Third_Party/FreeRTOS/Source/portable/GCC/ARM_CM7/r0p1/port.o
LOAD ./Middlewares/Third_Party/FreeRTOS/Source/portable/MemMang/heap_4.o
START GROUP
LOAD C:/ST/STM32CubeIDE_1.5.0/STM32CubeIDE/plugins/com.st.stm32cube.ide.mcu.externaltools.gnu-tools-for-stm32.11.3.rel1.win32_1.1.100.202309141235/tools/bin/../lib/gcc/arm-none-eabi/11.3.1/../../../../arm-none-eabi/lib/thumb/v7e-m+dp/hard\libc_nano.a
LOAD C:/ST/STM32CubeIDE_1.5.0/STM32CubeIDE/plugins/com.st.stm32cube.ide.mcu.externaltools.gnu-tools-for-stm32.11.3.rel1.win32_1.1.100.202309141235/tools/bin/../lib/gcc/arm-none-eabi/11.3.1/../../../../arm-none-eabi/lib/thumb/v7e-m+dp/hard\libm.a
END GROUP
START GROUP
LOAD C:/ST/STM32CubeIDE_1.5.0/STM32CubeIDE/plugins/com.st.stm32cube.ide.mcu.externaltools.gnu-tools-for-stm32.11.3.rel1.win32_1.1.100.202309141235/tools/bin/../lib/gcc/arm-none-eabi/11.3.1/thumb/v7e-m+dp/hard\libgcc.a
LOAD C:/ST/STM32CubeIDE_1.5.0/STM32CubeIDE/plugins/com.st.stm32cube.ide.mcu.externaltools.gnu-tools-for-stm32.11.3.rel1.win32_1.1.100.202309141235/tools/bin/../lib/gcc/arm-none-eabi/11.3.1/../../../../arm-none-eabi/lib/thumb/v7e-m+dp/hard\libc_nano.a
END GROUP
START GROUP
LOAD C:/ST/STM32CubeIDE_1.5.0/STM32CubeIDE/plugins/com.st.stm32cube.ide.mcu.externaltools.gnu-tools-for-stm32.11.3.rel1.win32_1.1.100.202309141235/tools/bin/../lib/gcc/arm-none-eabi/11.3.1/thumb/v7e-m+dp/hard\libgcc.a
LOAD C:/ST/STM32CubeIDE_1.5.0/STM32CubeIDE/plugins/com.st.stm32cube.ide.mcu.externaltools.gnu-tools-for-stm32.11.3.rel1.win32_1.1.100.202309141235/tools/bin/../lib/gcc/arm-none-eabi/11.3.1/../../../../arm-none-eabi/lib/thumb/v7e-m+dp/hard\libc_nano.a
LOAD C:/ST/STM32CubeIDE_1.5.0/STM32CubeIDE/plugins/com.st.stm32cube.ide.mcu.externaltools.gnu-tools-for-stm32.11.3.rel1.win32_1.1.100.202309141235/tools/bin/../lib/gcc/arm-none-eabi/11.3.1/../../../../arm-none-eabi/lib/thumb/v7e-m+dp/hard\libnosys.a
END GROUP
START GROUP
LOAD C:/ST/STM32CubeIDE_1.5.0/STM32CubeIDE/plugins/com.st.stm32cube.ide.mcu.externaltools.gnu-tools-for-stm32.11.3.rel1.win32_1.1.100.202309141235/tools/bin/../lib/gcc/arm-none-eabi/11.3.1/thumb/v7e-m+dp/hard\libgcc.a
LOAD C:/ST/STM32CubeIDE_1.5.0/STM32CubeIDE/plugins/com.st.stm32cube.ide.mcu.externaltools.gnu-tools-for-stm32.11.3.rel1.win32_1.1.100.202309141235/tools/bin/../lib/gcc/arm-none-eabi/11.3.1/../../../../arm-none-eabi/lib/thumb/v7e-m+dp/hard\libc_nano.a
LOAD C:/ST/STM32CubeIDE_1.5.0/STM32CubeIDE/plugins/com.st.stm32cube.ide.mcu.externaltools.gnu-tools-for-stm32.11.3.rel1.win32_1.1.100.202309141235/tools/bin/../lib/gcc/arm-none-eabi/11.3.1/../../../../arm-none-eabi/lib/thumb/v7e-m+dp/hard\libnosys.a
END GROUP
LOAD C:/ST/STM32CubeIDE_1.5.0/STM32CubeIDE/plugins/com.st.stm32cube.ide.mcu.externaltools.gnu-tools-for-stm32.11.3.rel1.win32_1.1.100.202309141235/tools/bin/../lib/gcc/arm-none-eabi/11.3.1/thumb/v7e-m+dp/hard/crtend.o
LOAD C:/ST/STM32CubeIDE_1.5.0/STM32CubeIDE/plugins/com.st.stm32cube.ide.mcu.externaltools.gnu-tools-for-stm32.11.3.rel1.win32_1.1.100.202309141235/tools/bin/../lib/gcc/arm-none-eabi/11.3.1/thumb/v7e-m+dp/hard/crtn.o
                0x0000000020080000                _estack = (ORIGIN (RAM) + LENGTH (RAM))
                0x0000000000000400                _Min_Heap_Size = 0x400
                0x0000000000000800                _Min_Stack_Size = 0x800

.isr_vector     0x0000000008000000      0x1f8
                0x0000000008000000                . = ALIGN (0x4)
 *(.isr_vector)
 .isr_vector    0x0000000008000000      0x1f8 ./Core/Startup/startup_stm32f767zitx.o
                0x0000000008000000                g_pfnVectors
                0x00000000080001f8                . = ALIGN (0x4)

.text           0x0000000008000200     0x8778
                0x0000000008000200                . = ALIGN (0x4)
 *(.text)
 .text          0x0000000008000200       0x40 C:/ST/STM32CubeIDE_1.5.0/STM32CubeIDE/plugins/com.st.stm32cube.ide.mcu.externaltools.gnu-tools-for-stm32.11.3.rel1.win32_1.1.100.202309141235/tools/bin/../lib/gcc/arm-none-eabi/11.3.1/thumb/v7e-m+dp/hard/crtbegin.o
 .text          0x0000000008000240       0x30 C:/ST/STM32CubeIDE_1.5.0/STM32CubeIDE/plugins/com.st.stm32cube.ide.mcu.externaltools.gnu-tools-for-stm32.11.3.rel1.win32_1.1.100.202309141235/tools/bin/../lib/gcc/arm-none-eabi/11.3.1/thumb/v7e-m+dp/hard\libgcc.a(_aeabi_uldivmod.o)
                0x0000000008000240                __aeabi_uldivmod
 .text          0x0000000008000270      0x2c8 C:/ST/STM32CubeIDE_1.5.0/STM32CubeIDE/plugins/com.st.stm32cube.ide.mcu.externaltools.gnu-tools-for-stm32.11.3.rel1.win32_1.1.100.202309141235/tools/bin/../lib/gcc/arm-none-eabi/11.3.1/thumb/v7e-m+dp/hard\libgcc.a(_udivmoddi4.o)
                0x0000000008000270                __udivmoddi4
 .text          0x0000000008000538        0x4 C:/ST/STM32CubeIDE_1.5.0/STM32CubeIDE/plugins/com.st.stm32cube.ide.mcu.externaltools.gnu-tools-for-stm32.11.3.rel1.win32_1.1.100.202309141235/tools/bin/../lib/gcc/arm-none-eabi/11.3.1/thumb/v7e-m+dp/hard\libgcc.a(_dvmd_tls.o)
                0x0000000008000538                __aeabi_idiv0
                0x0000000008000538                __aeabi_ldiv0
 *(.text*)
 .text.MX_CAN1_Init
                0x000000000800053c       0x70 ./Core/Src/can.o
                0x000000000800053c                MX_CAN1_Init
 .text.MX_CAN2_Init
                0x00000000080005ac       0x70 ./Core/Src/can.o
                0x00000000080005ac                MX_CAN2_Init
 .text.MX_CAN3_Init
                0x000000000800061c       0x70 ./Core/Src/can.o
                0x000000000800061c                MX_CAN3_Init
 .text.HAL_CAN_MspInit
                0x000000000800068c      0x21c ./Core/Src/can.o
                0x000000000800068c                HAL_CAN_MspInit
 .text.Can20SendSimple
                0x00000000080008a8       0x80 ./Core/Src/can_utils.o
                0x00000000080008a8                Can20SendSimple
 .text.Can20SendLongMsgCrc
                0x0000000008000928       0xe8 ./Core/Src/can_utils.o
                0x0000000008000928                Can20SendLongMsgCrc
 .text.Can20SendCheck
                0x0000000008000a10       0x64 ./Core/Src/can_utils.o
                0x0000000008000a10                Can20SendCheck
 .text.Can20ReceiverCheckFrameInit
                0x0000000008000a74       0xa8 ./Core/Src/can_utils.o
                0x0000000008000a74                Can20ReceiverCheckFrameInit
 .text.Can20ReceiverInit
                0x0000000008000b1c       0xd4 ./Core/Src/can_utils.o
                0x0000000008000b1c                Can20ReceiverInit
 .text.CalculateTargetFrameSize
                0x0000000008000bf0       0x66 ./Core/Src/can_utils.o
 *fill*         0x0000000008000c56        0x2 
 .text.Can20ReceiverRoutine
                0x0000000008000c58      0x2d4 ./Core/Src/can_utils.o
                0x0000000008000c58                Can20ReceiverRoutine
 .text.Can20ReceiverOvrTimSet
                0x0000000008000f2c       0x34 ./Core/Src/can_utils.o
                0x0000000008000f2c                Can20ReceiverOvrTimSet
 .text.Can20ReceiverOvrTimRoutine
                0x0000000008000f60       0xb4 ./Core/Src/can_utils.o
                0x0000000008000f60                Can20ReceiverOvrTimRoutine
 .text.Can20ReceiverOvrTimTask
                0x0000000008001014       0x14 ./Core/Src/can_utils.o
                0x0000000008001014                Can20ReceiverOvrTimTask
 .text.Can20aInit
                0x0000000008001028      0x150 ./Core/Src/can_utils.o
                0x0000000008001028                Can20aInit
 .text.HAL_CAN_RxFifo0MsgPendingCallback
                0x0000000008001178       0x18 ./Core/Src/can_utils.o
                0x0000000008001178                HAL_CAN_RxFifo0MsgPendingCallback
 .text.HAL_CAN_RxFifo1MsgPendingCallback
                0x0000000008001190       0x18 ./Core/Src/can_utils.o
                0x0000000008001190                HAL_CAN_RxFifo1MsgPendingCallback
 .text.MX_CRC_Init
                0x00000000080011a8       0x44 ./Core/Src/crc.o
                0x00000000080011a8                MX_CRC_Init
 .text.HAL_CRC_MspInit
                0x00000000080011ec       0x40 ./Core/Src/crc.o
                0x00000000080011ec                HAL_CRC_MspInit
 .text.vApplicationIdleHook
                0x000000000800122c        0xe ./Core/Src/freertos.o
                0x000000000800122c                vApplicationIdleHook
 .text.vApplicationStackOverflowHook
                0x000000000800123a       0x16 ./Core/Src/freertos.o
                0x000000000800123a                vApplicationStackOverflowHook
 .text.MX_FREERTOS_Init
                0x0000000008001250       0x90 ./Core/Src/freertos.o
                0x0000000008001250                MX_FREERTOS_Init
 .text.StartDefaultTask
                0x00000000080012e0       0x10 ./Core/Src/freertos.o
                0x00000000080012e0                StartDefaultTask
 .text.Led1Toogle
                0x00000000080012f0       0x40 ./Core/Src/freertos.o
                0x00000000080012f0                Led1Toogle
 .text.Led2Toogle
                0x0000000008001330       0x28 ./Core/Src/freertos.o
                0x0000000008001330                Led2Toogle
 .text.Led3Toggle
                0x0000000008001358       0x38 ./Core/Src/freertos.o
                0x0000000008001358                Led3Toggle
 .text.MX_GPIO_Init
                0x0000000008001390      0x144 ./Core/Src/gpio.o
                0x0000000008001390                MX_GPIO_Init
 .text.main     0x00000000080014d4      0x134 ./Core/Src/main.o
                0x00000000080014d4                main
 .text.SystemClock_Config
                0x0000000008001608       0xe0 ./Core/Src/main.o
                0x0000000008001608                SystemClock_Config
 .text.LedToogle
                0x00000000080016e8       0x54 ./Core/Src/main.o
                0x00000000080016e8                LedToogle
 .text.LedToogle2
                0x000000000800173c       0x14 ./Core/Src/main.o
                0x000000000800173c                LedToogle2
 .text.HAL_TIM_PeriodElapsedCallback
                0x0000000008001750       0x24 ./Core/Src/main.o
                0x0000000008001750                HAL_TIM_PeriodElapsedCallback
 .text.Error_Handler
                0x0000000008001774        0xa ./Core/Src/main.o
                0x0000000008001774                Error_Handler
 *fill*         0x000000000800177e        0x2 
 .text.HAL_MspInit
                0x0000000008001780       0x60 ./Core/Src/stm32f7xx_hal_msp.o
                0x0000000008001780                HAL_MspInit
 .text.HAL_InitTick
                0x00000000080017e0       0xf4 ./Core/Src/stm32f7xx_hal_timebase_tim.o
                0x00000000080017e0                HAL_InitTick
 .text.NMI_Handler
                0x00000000080018d4        0x6 ./Core/Src/stm32f7xx_it.o
                0x00000000080018d4                NMI_Handler
 .text.HardFault_Handler
                0x00000000080018da        0x6 ./Core/Src/stm32f7xx_it.o
                0x00000000080018da                HardFault_Handler
 .text.MemManage_Handler
                0x00000000080018e0        0x6 ./Core/Src/stm32f7xx_it.o
                0x00000000080018e0                MemManage_Handler
 .text.BusFault_Handler
                0x00000000080018e6        0x6 ./Core/Src/stm32f7xx_it.o
                0x00000000080018e6                BusFault_Handler
 .text.UsageFault_Handler
                0x00000000080018ec        0x6 ./Core/Src/stm32f7xx_it.o
                0x00000000080018ec                UsageFault_Handler
 .text.DebugMon_Handler
                0x00000000080018f2        0xe ./Core/Src/stm32f7xx_it.o
                0x00000000080018f2                DebugMon_Handler
 .text.CAN1_TX_IRQHandler
                0x0000000008001900       0x14 ./Core/Src/stm32f7xx_it.o
                0x0000000008001900                CAN1_TX_IRQHandler
 .text.CAN1_RX0_IRQHandler
                0x0000000008001914       0x14 ./Core/Src/stm32f7xx_it.o
                0x0000000008001914                CAN1_RX0_IRQHandler
 .text.CAN1_RX1_IRQHandler
                0x0000000008001928       0x14 ./Core/Src/stm32f7xx_it.o
                0x0000000008001928                CAN1_RX1_IRQHandler
 .text.TIM8_TRG_COM_TIM14_IRQHandler
                0x000000000800193c       0x14 ./Core/Src/stm32f7xx_it.o
                0x000000000800193c                TIM8_TRG_COM_TIM14_IRQHandler
 .text.CAN2_TX_IRQHandler
                0x0000000008001950       0x14 ./Core/Src/stm32f7xx_it.o
                0x0000000008001950                CAN2_TX_IRQHandler
 .text.CAN2_RX0_IRQHandler
                0x0000000008001964       0x14 ./Core/Src/stm32f7xx_it.o
                0x0000000008001964                CAN2_RX0_IRQHandler
 .text.CAN2_RX1_IRQHandler
                0x0000000008001978       0x14 ./Core/Src/stm32f7xx_it.o
                0x0000000008001978                CAN2_RX1_IRQHandler
 .text.FPU_IRQHandler
                0x000000000800198c        0xe ./Core/Src/stm32f7xx_it.o
                0x000000000800198c                FPU_IRQHandler
 *fill*         0x000000000800199a        0x2 
 .text.CAN3_TX_IRQHandler
                0x000000000800199c       0x14 ./Core/Src/stm32f7xx_it.o
                0x000000000800199c                CAN3_TX_IRQHandler
 .text.CAN3_RX0_IRQHandler
                0x00000000080019b0       0x14 ./Core/Src/stm32f7xx_it.o
                0x00000000080019b0                CAN3_RX0_IRQHandler
 .text.CAN3_RX1_IRQHandler
                0x00000000080019c4       0x14 ./Core/Src/stm32f7xx_it.o
                0x00000000080019c4                CAN3_RX1_IRQHandler
 .text.SystemInit
                0x00000000080019d8       0x24 ./Core/Src/system_stm32f7xx.o
                0x00000000080019d8                SystemInit
 .text.MX_USART3_UART_Init
                0x00000000080019fc       0x60 ./Core/Src/usart.o
                0x00000000080019fc                MX_USART3_UART_Init
 .text.HAL_UART_MspInit
                0x0000000008001a5c       0xc0 ./Core/Src/usart.o
                0x0000000008001a5c                HAL_UART_MspInit
 .text.Reset_Handler
                0x0000000008001b1c       0x50 ./Core/Startup/startup_stm32f767zitx.o
                0x0000000008001b1c                Reset_Handler
 .text.Default_Handler
                0x0000000008001b6c        0x2 ./Core/Startup/startup_stm32f767zitx.o
                0x0000000008001b6c                RTC_Alarm_IRQHandler
                0x0000000008001b6c                EXTI2_IRQHandler
                0x0000000008001b6c                TIM8_CC_IRQHandler
                0x0000000008001b6c                UART8_IRQHandler
                0x0000000008001b6c                SPI4_IRQHandler
                0x0000000008001b6c                TIM1_CC_IRQHandler
                0x0000000008001b6c                DMA2_Stream5_IRQHandler
                0x0000000008001b6c                JPEG_IRQHandler
                0x0000000008001b6c                DMA1_Stream5_IRQHandler
                0x0000000008001b6c                PVD_IRQHandler
                0x0000000008001b6c                TAMP_STAMP_IRQHandler
                0x0000000008001b6c                EXTI3_IRQHandler
                0x0000000008001b6c                DFSDM1_FLT1_IRQHandler
                0x0000000008001b6c                TIM1_UP_TIM10_IRQHandler
                0x0000000008001b6c                TIM8_UP_TIM13_IRQHandler
                0x0000000008001b6c                I2C3_ER_IRQHandler
                0x0000000008001b6c                DFSDM1_FLT2_IRQHandler
                0x0000000008001b6c                EXTI0_IRQHandler
                0x0000000008001b6c                I2C2_EV_IRQHandler
                0x0000000008001b6c                DMA1_Stream2_IRQHandler
                0x0000000008001b6c                OTG_HS_WKUP_IRQHandler
                0x0000000008001b6c                CAN3_SCE_IRQHandler
                0x0000000008001b6c                LTDC_ER_IRQHandler
                0x0000000008001b6c                CAN2_SCE_IRQHandler
                0x0000000008001b6c                DMA2_Stream2_IRQHandler
                0x0000000008001b6c                SPI1_IRQHandler
                0x0000000008001b6c                TIM6_DAC_IRQHandler
                0x0000000008001b6c                TIM1_BRK_TIM9_IRQHandler
                0x0000000008001b6c                DCMI_IRQHandler
                0x0000000008001b6c                DMA2_Stream3_IRQHandler
                0x0000000008001b6c                SAI2_IRQHandler
                0x0000000008001b6c                DFSDM1_FLT3_IRQHandler
                0x0000000008001b6c                USART6_IRQHandler
                0x0000000008001b6c                USART3_IRQHandler
                0x0000000008001b6c                UART5_IRQHandler
                0x0000000008001b6c                DMA2_Stream0_IRQHandler
                0x0000000008001b6c                TIM4_IRQHandler
                0x0000000008001b6c                QUADSPI_IRQHandler
                0x0000000008001b6c                I2C1_EV_IRQHandler
                0x0000000008001b6c                DMA1_Stream6_IRQHandler
                0x0000000008001b6c                DMA1_Stream1_IRQHandler
                0x0000000008001b6c                UART4_IRQHandler
                0x0000000008001b6c                TIM3_IRQHandler
                0x0000000008001b6c                RCC_IRQHandler
                0x0000000008001b6c                TIM8_BRK_TIM12_IRQHandler
                0x0000000008001b6c                Default_Handler
                0x0000000008001b6c                CEC_IRQHandler
                0x0000000008001b6c                EXTI15_10_IRQHandler
                0x0000000008001b6c                ADC_IRQHandler
                0x0000000008001b6c                DMA1_Stream7_IRQHandler
                0x0000000008001b6c                SPI5_IRQHandler
                0x0000000008001b6c                TIM7_IRQHandler
                0x0000000008001b6c                SDMMC1_IRQHandler
                0x0000000008001b6c                TIM5_IRQHandler
                0x0000000008001b6c                DMA2_Stream7_IRQHandler
                0x0000000008001b6c                I2C3_EV_IRQHandler
                0x0000000008001b6c                EXTI9_5_IRQHandler
                0x0000000008001b6c                RTC_WKUP_IRQHandler
                0x0000000008001b6c                LTDC_IRQHandler
                0x0000000008001b6c                ETH_WKUP_IRQHandler
                0x0000000008001b6c                SPDIF_RX_IRQHandler
                0x0000000008001b6c                SPI2_IRQHandler
                0x0000000008001b6c                OTG_HS_EP1_IN_IRQHandler
                0x0000000008001b6c                DMA1_Stream0_IRQHandler
                0x0000000008001b6c                EXTI4_IRQHandler
                0x0000000008001b6c                RNG_IRQHandler
                0x0000000008001b6c                ETH_IRQHandler
                0x0000000008001b6c                OTG_HS_EP1_OUT_IRQHandler
                0x0000000008001b6c                WWDG_IRQHandler
                0x0000000008001b6c                SPI6_IRQHandler
                0x0000000008001b6c                MDIOS_IRQHandler
                0x0000000008001b6c                I2C4_EV_IRQHandler
                0x0000000008001b6c                TIM2_IRQHandler
                0x0000000008001b6c                OTG_FS_WKUP_IRQHandler
                0x0000000008001b6c                TIM1_TRG_COM_TIM11_IRQHandler
                0x0000000008001b6c                OTG_HS_IRQHandler
                0x0000000008001b6c                DMA2D_IRQHandler
                0x0000000008001b6c                EXTI1_IRQHandler
                0x0000000008001b6c                SDMMC2_IRQHandler
                0x0000000008001b6c                UART7_IRQHandler
                0x0000000008001b6c                USART2_IRQHandler
                0x0000000008001b6c                DFSDM1_FLT0_IRQHandler
                0x0000000008001b6c                I2C2_ER_IRQHandler
                0x0000000008001b6c                DMA2_Stream1_IRQHandler
                0x0000000008001b6c                CAN1_SCE_IRQHandler
                0x0000000008001b6c                FLASH_IRQHandler
                0x0000000008001b6c                DMA2_Stream4_IRQHandler
                0x0000000008001b6c                USART1_IRQHandler
                0x0000000008001b6c                OTG_FS_IRQHandler
                0x0000000008001b6c                SPI3_IRQHandler
                0x0000000008001b6c                DMA1_Stream4_IRQHandler
                0x0000000008001b6c                I2C1_ER_IRQHandler
                0x0000000008001b6c                FMC_IRQHandler
                0x0000000008001b6c                LPTIM1_IRQHandler
                0x0000000008001b6c                I2C4_ER_IRQHandler
                0x0000000008001b6c                DMA2_Stream6_IRQHandler
                0x0000000008001b6c                SAI1_IRQHandler
                0x0000000008001b6c                DMA1_Stream3_IRQHandler
 .text.HAL_Init
                0x0000000008001b6e       0x1a ./Drivers/STM32F7xx_HAL_Driver/Src/stm32f7xx_hal.o
                0x0000000008001b6e                HAL_Init
 .text.HAL_IncTick
                0x0000000008001b88       0x28 ./Drivers/STM32F7xx_HAL_Driver/Src/stm32f7xx_hal.o
                0x0000000008001b88                HAL_IncTick
 .text.HAL_GetTick
                0x0000000008001bb0       0x18 ./Drivers/STM32F7xx_HAL_Driver/Src/stm32f7xx_hal.o
                0x0000000008001bb0                HAL_GetTick
 .text.HAL_CAN_Init
                0x0000000008001bc8      0x1f6 ./Drivers/STM32F7xx_HAL_Driver/Src/stm32f7xx_hal_can.o
                0x0000000008001bc8                HAL_CAN_Init
 *fill*         0x0000000008001dbe        0x2 
 .text.HAL_CAN_ConfigFilter
                0x0000000008001dc0      0x1d8 ./Drivers/STM32F7xx_HAL_Driver/Src/stm32f7xx_hal_can.o
                0x0000000008001dc0                HAL_CAN_ConfigFilter
 .text.HAL_CAN_Start
                0x0000000008001f98       0x88 ./Drivers/STM32F7xx_HAL_Driver/Src/stm32f7xx_hal_can.o
                0x0000000008001f98                HAL_CAN_Start
 .text.HAL_CAN_AddTxMessage
                0x0000000008002020      0x1a0 ./Drivers/STM32F7xx_HAL_Driver/Src/stm32f7xx_hal_can.o
                0x0000000008002020                HAL_CAN_AddTxMessage
 .text.HAL_CAN_GetRxMessage
                0x00000000080021c0      0x224 ./Drivers/STM32F7xx_HAL_Driver/Src/stm32f7xx_hal_can.o
                0x00000000080021c0                HAL_CAN_GetRxMessage
 .text.HAL_CAN_ActivateNotification
                0x00000000080023e4       0x4c ./Drivers/STM32F7xx_HAL_Driver/Src/stm32f7xx_hal_can.o
                0x00000000080023e4                HAL_CAN_ActivateNotification
 .text.HAL_CAN_IRQHandler
                0x0000000008002430      0x36e ./Drivers/STM32F7xx_HAL_Driver/Src/stm32f7xx_hal_can.o
                0x0000000008002430                HAL_CAN_IRQHandler
 .text.HAL_CAN_TxMailbox0CompleteCallback
                0x000000000800279e       0x14 ./Drivers/STM32F7xx_HAL_Driver/Src/stm32f7xx_hal_can.o
                0x000000000800279e                HAL_CAN_TxMailbox0CompleteCallback
 .text.HAL_CAN_TxMailbox1CompleteCallback
                0x00000000080027b2       0x14 ./Drivers/STM32F7xx_HAL_Driver/Src/stm32f7xx_hal_can.o
                0x00000000080027b2                HAL_CAN_TxMailbox1CompleteCallback
 .text.HAL_CAN_TxMailbox2CompleteCallback
                0x00000000080027c6       0x14 ./Drivers/STM32F7xx_HAL_Driver/Src/stm32f7xx_hal_can.o
                0x00000000080027c6                HAL_CAN_TxMailbox2CompleteCallback
 .text.HAL_CAN_TxMailbox0AbortCallback
                0x00000000080027da       0x14 ./Drivers/STM32F7xx_HAL_Driver/Src/stm32f7xx_hal_can.o
                0x00000000080027da                HAL_CAN_TxMailbox0AbortCallback
 .text.HAL_CAN_TxMailbox1AbortCallback
                0x00000000080027ee       0x14 ./Drivers/STM32F7xx_HAL_Driver/Src/stm32f7xx_hal_can.o
                0x00000000080027ee                HAL_CAN_TxMailbox1AbortCallback
 .text.HAL_CAN_TxMailbox2AbortCallback
                0x0000000008002802       0x14 ./Drivers/STM32F7xx_HAL_Driver/Src/stm32f7xx_hal_can.o
                0x0000000008002802                HAL_CAN_TxMailbox2AbortCallback
 .text.HAL_CAN_RxFifo0FullCallback
                0x0000000008002816       0x14 ./Drivers/STM32F7xx_HAL_Driver/Src/stm32f7xx_hal_can.o
                0x0000000008002816                HAL_CAN_RxFifo0FullCallback
 .text.HAL_CAN_RxFifo1FullCallback
                0x000000000800282a       0x14 ./Drivers/STM32F7xx_HAL_Driver/Src/stm32f7xx_hal_can.o
                0x000000000800282a                HAL_CAN_RxFifo1FullCallback
 .text.HAL_CAN_SleepCallback
                0x000000000800283e       0x14 ./Drivers/STM32F7xx_HAL_Driver/Src/stm32f7xx_hal_can.o
                0x000000000800283e                HAL_CAN_SleepCallback
 .text.HAL_CAN_WakeUpFromRxMsgCallback
                0x0000000008002852       0x14 ./Drivers/STM32F7xx_HAL_Driver/Src/stm32f7xx_hal_can.o
                0x0000000008002852                HAL_CAN_WakeUpFromRxMsgCallback
 .text.HAL_CAN_ErrorCallback
                0x0000000008002866       0x14 ./Drivers/STM32F7xx_HAL_Driver/Src/stm32f7xx_hal_can.o
                0x0000000008002866                HAL_CAN_ErrorCallback
 *fill*         0x000000000800287a        0x2 
 .text.__NVIC_SetPriorityGrouping
                0x000000000800287c       0x48 ./Drivers/STM32F7xx_HAL_Driver/Src/stm32f7xx_hal_cortex.o
 .text.__NVIC_GetPriorityGrouping
                0x00000000080028c4       0x1c ./Drivers/STM32F7xx_HAL_Driver/Src/stm32f7xx_hal_cortex.o
 .text.__NVIC_EnableIRQ
                0x00000000080028e0       0x3c ./Drivers/STM32F7xx_HAL_Driver/Src/stm32f7xx_hal_cortex.o
 .text.__NVIC_SetPriority
                0x000000000800291c       0x54 ./Drivers/STM32F7xx_HAL_Driver/Src/stm32f7xx_hal_cortex.o
 .text.NVIC_EncodePriority
                0x0000000008002970       0x66 ./Drivers/STM32F7xx_HAL_Driver/Src/stm32f7xx_hal_cortex.o
 .text.HAL_NVIC_SetPriorityGrouping
                0x00000000080029d6       0x16 ./Drivers/STM32F7xx_HAL_Driver/Src/stm32f7xx_hal_cortex.o
                0x00000000080029d6                HAL_NVIC_SetPriorityGrouping
 .text.HAL_NVIC_SetPriority
                0x00000000080029ec       0x38 ./Drivers/STM32F7xx_HAL_Driver/Src/stm32f7xx_hal_cortex.o
                0x00000000080029ec                HAL_NVIC_SetPriority
 .text.HAL_NVIC_EnableIRQ
                0x0000000008002a24       0x1c ./Drivers/STM32F7xx_HAL_Driver/Src/stm32f7xx_hal_cortex.o
                0x0000000008002a24                HAL_NVIC_EnableIRQ
 .text.HAL_CRC_Init
                0x0000000008002a40       0xc8 ./Drivers/STM32F7xx_HAL_Driver/Src/stm32f7xx_hal_crc.o
                0x0000000008002a40                HAL_CRC_Init
 .text.HAL_CRC_Calculate
                0x0000000008002b08       0x98 ./Drivers/STM32F7xx_HAL_Driver/Src/stm32f7xx_hal_crc.o
                0x0000000008002b08                HAL_CRC_Calculate
 .text.CRC_Handle_8
                0x0000000008002ba0      0x11c ./Drivers/STM32F7xx_HAL_Driver/Src/stm32f7xx_hal_crc.o
 .text.CRC_Handle_16
                0x0000000008002cbc       0x74 ./Drivers/STM32F7xx_HAL_Driver/Src/stm32f7xx_hal_crc.o
 .text.HAL_CRCEx_Polynomial_Set
                0x0000000008002d30      0x10c ./Drivers/STM32F7xx_HAL_Driver/Src/stm32f7xx_hal_crc_ex.o
                0x0000000008002d30                HAL_CRCEx_Polynomial_Set
 .text.HAL_GPIO_Init
                0x0000000008002e3c      0x358 ./Drivers/STM32F7xx_HAL_Driver/Src/stm32f7xx_hal_gpio.o
                0x0000000008002e3c                HAL_GPIO_Init
 .text.HAL_GPIO_WritePin
                0x0000000008003194       0x32 ./Drivers/STM32F7xx_HAL_Driver/Src/stm32f7xx_hal_gpio.o
                0x0000000008003194                HAL_GPIO_WritePin
 .text.HAL_GPIO_TogglePin
                0x00000000080031c6       0x34 ./Drivers/STM32F7xx_HAL_Driver/Src/stm32f7xx_hal_gpio.o
                0x00000000080031c6                HAL_GPIO_TogglePin
 *fill*         0x00000000080031fa        0x2 
 .text.HAL_PWR_EnableBkUpAccess
                0x00000000080031fc       0x20 ./Drivers/STM32F7xx_HAL_Driver/Src/stm32f7xx_hal_pwr.o
                0x00000000080031fc                HAL_PWR_EnableBkUpAccess
 .text.HAL_PWREx_EnableOverDrive
                0x000000000800321c       0xa0 ./Drivers/STM32F7xx_HAL_Driver/Src/stm32f7xx_hal_pwr_ex.o
                0x000000000800321c                HAL_PWREx_EnableOverDrive
 .text.HAL_RCC_OscConfig
                0x00000000080032bc      0x55c ./Drivers/STM32F7xx_HAL_Driver/Src/stm32f7xx_hal_rcc.o
                0x00000000080032bc                HAL_RCC_OscConfig
 .text.HAL_RCC_ClockConfig
                0x0000000008003818      0x1d8 ./Drivers/STM32F7xx_HAL_Driver/Src/stm32f7xx_hal_rcc.o
                0x0000000008003818                HAL_RCC_ClockConfig
 .text.HAL_RCC_GetSysClockFreq
                0x00000000080039f0      0x20c ./Drivers/STM32F7xx_HAL_Driver/Src/stm32f7xx_hal_rcc.o
                0x00000000080039f0                HAL_RCC_GetSysClockFreq
 .text.HAL_RCC_GetHCLKFreq
                0x0000000008003bfc       0x18 ./Drivers/STM32F7xx_HAL_Driver/Src/stm32f7xx_hal_rcc.o
                0x0000000008003bfc                HAL_RCC_GetHCLKFreq
 .text.HAL_RCC_GetPCLK1Freq
                0x0000000008003c14       0x28 ./Drivers/STM32F7xx_HAL_Driver/Src/stm32f7xx_hal_rcc.o
                0x0000000008003c14                HAL_RCC_GetPCLK1Freq
 .text.HAL_RCC_GetPCLK2Freq
                0x0000000008003c3c       0x28 ./Drivers/STM32F7xx_HAL_Driver/Src/stm32f7xx_hal_rcc.o
                0x0000000008003c3c                HAL_RCC_GetPCLK2Freq
 .text.HAL_RCC_GetClockConfig
                0x0000000008003c64       0x64 ./Drivers/STM32F7xx_HAL_Driver/Src/stm32f7xx_hal_rcc.o
                0x0000000008003c64                HAL_RCC_GetClockConfig
 .text.HAL_RCCEx_PeriphCLKConfig
                0x0000000008003cc8      0x850 ./Drivers/STM32F7xx_HAL_Driver/Src/stm32f7xx_hal_rcc_ex.o
                0x0000000008003cc8                HAL_RCCEx_PeriphCLKConfig
 .text.HAL_TIM_Base_Init
                0x0000000008004518       0xae ./Drivers/STM32F7xx_HAL_Driver/Src/stm32f7xx_hal_tim.o
                0x0000000008004518                HAL_TIM_Base_Init
 .text.HAL_TIM_Base_MspInit
                0x00000000080045c6       0x14 ./Drivers/STM32F7xx_HAL_Driver/Src/stm32f7xx_hal_tim.o
                0x00000000080045c6                HAL_TIM_Base_MspInit
 *fill*         0x00000000080045da        0x2 
 .text.HAL_TIM_Base_Start_IT
                0x00000000080045dc       0xf0 ./Drivers/STM32F7xx_HAL_Driver/Src/stm32f7xx_hal_tim.o
                0x00000000080045dc                HAL_TIM_Base_Start_IT
 .text.HAL_TIM_IRQHandler
                0x00000000080046cc      0x23e ./Drivers/STM32F7xx_HAL_Driver/Src/stm32f7xx_hal_tim.o
                0x00000000080046cc                HAL_TIM_IRQHandler
 .text.HAL_TIM_OC_DelayElapsedCallback
                0x000000000800490a       0x14 ./Drivers/STM32F7xx_HAL_Driver/Src/stm32f7xx_hal_tim.o
                0x000000000800490a                HAL_TIM_OC_DelayElapsedCallback
 .text.HAL_TIM_IC_CaptureCallback
                0x000000000800491e       0x14 ./Drivers/STM32F7xx_HAL_Driver/Src/stm32f7xx_hal_tim.o
                0x000000000800491e                HAL_TIM_IC_CaptureCallback
 .text.HAL_TIM_PWM_PulseFinishedCallback
                0x0000000008004932       0x14 ./Drivers/STM32F7xx_HAL_Driver/Src/stm32f7xx_hal_tim.o
                0x0000000008004932                HAL_TIM_PWM_PulseFinishedCallback
 .text.HAL_TIM_TriggerCallback
                0x0000000008004946       0x14 ./Drivers/STM32F7xx_HAL_Driver/Src/stm32f7xx_hal_tim.o
                0x0000000008004946                HAL_TIM_TriggerCallback
 *fill*         0x000000000800495a        0x2 
 .text.TIM_Base_SetConfig
                0x000000000800495c      0x140 ./Drivers/STM32F7xx_HAL_Driver/Src/stm32f7xx_hal_tim.o
                0x000000000800495c                TIM_Base_SetConfig
 .text.HAL_TIMEx_CommutCallback
                0x0000000008004a9c       0x14 ./Drivers/STM32F7xx_HAL_Driver/Src/stm32f7xx_hal_tim_ex.o
                0x0000000008004a9c                HAL_TIMEx_CommutCallback
 .text.HAL_TIMEx_BreakCallback
                0x0000000008004ab0       0x14 ./Drivers/STM32F7xx_HAL_Driver/Src/stm32f7xx_hal_tim_ex.o
                0x0000000008004ab0                HAL_TIMEx_BreakCallback
 .text.HAL_TIMEx_Break2Callback
                0x0000000008004ac4       0x14 ./Drivers/STM32F7xx_HAL_Driver/Src/stm32f7xx_hal_tim_ex.o
                0x0000000008004ac4                HAL_TIMEx_Break2Callback
 .text.HAL_UART_Init
                0x0000000008004ad8       0x9c ./Drivers/STM32F7xx_HAL_Driver/Src/stm32f7xx_hal_uart.o
                0x0000000008004ad8                HAL_UART_Init
 .text.UART_SetConfig
                0x0000000008004b74      0x4c8 ./Drivers/STM32F7xx_HAL_Driver/Src/stm32f7xx_hal_uart.o
                0x0000000008004b74                UART_SetConfig
 .text.UART_AdvFeatureConfig
                0x000000000800503c      0x144 ./Drivers/STM32F7xx_HAL_Driver/Src/stm32f7xx_hal_uart.o
                0x000000000800503c                UART_AdvFeatureConfig
 .text.UART_CheckIdleState
                0x0000000008005180       0x9a ./Drivers/STM32F7xx_HAL_Driver/Src/stm32f7xx_hal_uart.o
                0x0000000008005180                UART_CheckIdleState
 .text.UART_WaitOnFlagUntilTimeout
                0x000000000800521a      0x18c ./Drivers/STM32F7xx_HAL_Driver/Src/stm32f7xx_hal_uart.o
                0x000000000800521a                UART_WaitOnFlagUntilTimeout
 .text.SVC_Setup
                0x00000000080053a6        0xe ./Middlewares/Third_Party/FreeRTOS/Source/CMSIS_RTOS_V2/cmsis_os2.o
 .text.osKernelInitialize
                0x00000000080053b4       0x68 ./Middlewares/Third_Party/FreeRTOS/Source/CMSIS_RTOS_V2/cmsis_os2.o
                0x00000000080053b4                osKernelInitialize
 .text.osKernelStart
                0x000000000800541c       0x6c ./Middlewares/Third_Party/FreeRTOS/Source/CMSIS_RTOS_V2/cmsis_os2.o
                0x000000000800541c                osKernelStart
 .text.osThreadNew
                0x0000000008005488      0x14c ./Middlewares/Third_Party/FreeRTOS/Source/CMSIS_RTOS_V2/cmsis_os2.o
                0x0000000008005488                osThreadNew
 .text.osDelay  0x00000000080055d4       0x5c ./Middlewares/Third_Party/FreeRTOS/Source/CMSIS_RTOS_V2/cmsis_os2.o
                0x00000000080055d4                osDelay
 .text.osSemaphoreNew
                0x0000000008005630      0x138 ./Middlewares/Third_Party/FreeRTOS/Source/CMSIS_RTOS_V2/cmsis_os2.o
                0x0000000008005630                osSemaphoreNew
 .text.vApplicationGetIdleTaskMemory
                0x0000000008005768       0x34 ./Middlewares/Third_Party/FreeRTOS/Source/CMSIS_RTOS_V2/cmsis_os2.o
                0x0000000008005768                vApplicationGetIdleTaskMemory
 .text.vApplicationGetTimerTaskMemory
                0x000000000800579c       0x34 ./Middlewares/Third_Party/FreeRTOS/Source/CMSIS_RTOS_V2/cmsis_os2.o
                0x000000000800579c                vApplicationGetTimerTaskMemory
 .text.vListInitialise
                0x00000000080057d0       0x40 ./Middlewares/Third_Party/FreeRTOS/Source/list.o
                0x00000000080057d0                vListInitialise
 .text.vListInitialiseItem
                0x0000000008005810       0x1a ./Middlewares/Third_Party/FreeRTOS/Source/list.o
                0x0000000008005810                vListInitialiseItem
 .text.vListInsertEnd
                0x000000000800582a       0x48 ./Middlewares/Third_Party/FreeRTOS/Source/list.o
                0x000000000800582a                vListInsertEnd
 .text.vListInsert
                0x0000000008005872       0x72 ./Middlewares/Third_Party/FreeRTOS/Source/list.o
                0x0000000008005872                vListInsert
 .text.uxListRemove
                0x00000000080058e4       0x54 ./Middlewares/Third_Party/FreeRTOS/Source/list.o
                0x00000000080058e4                uxListRemove
 .text.xQueueGenericReset
                0x0000000008005938       0xd4 ./Middlewares/Third_Party/FreeRTOS/Source/queue.o
                0x0000000008005938                xQueueGenericReset
 .text.xQueueGenericCreateStatic
                0x0000000008005a0c      0x104 ./Middlewares/Third_Party/FreeRTOS/Source/queue.o
                0x0000000008005a0c                xQueueGenericCreateStatic
 .text.xQueueGenericCreate
                0x0000000008005b10       0x84 ./Middlewares/Third_Party/FreeRTOS/Source/queue.o
                0x0000000008005b10                xQueueGenericCreate
 .text.prvInitialiseNewQueue
                0x0000000008005b94       0x46 ./Middlewares/Third_Party/FreeRTOS/Source/queue.o
 .text.xQueueCreateCountingSemaphoreStatic
                0x0000000008005bda       0x76 ./Middlewares/Third_Party/FreeRTOS/Source/queue.o
                0x0000000008005bda                xQueueCreateCountingSemaphoreStatic
 .text.xQueueCreateCountingSemaphore
                0x0000000008005c50       0x6e ./Middlewares/Third_Party/FreeRTOS/Source/queue.o
                0x0000000008005c50                xQueueCreateCountingSemaphore
 *fill*         0x0000000008005cbe        0x2 
 .text.xQueueGenericSend
                0x0000000008005cc0      0x20c ./Middlewares/Third_Party/FreeRTOS/Source/queue.o
                0x0000000008005cc0                xQueueGenericSend
 .text.xQueueGenericSendFromISR
                0x0000000008005ecc      0x140 ./Middlewares/Third_Party/FreeRTOS/Source/queue.o
                0x0000000008005ecc                xQueueGenericSendFromISR
 .text.xQueueReceive
                0x000000000800600c      0x1cc ./Middlewares/Third_Party/FreeRTOS/Source/queue.o
                0x000000000800600c                xQueueReceive
 .text.xQueueSemaphoreTake
                0x00000000080061d8      0x228 ./Middlewares/Third_Party/FreeRTOS/Source/queue.o
                0x00000000080061d8                xQueueSemaphoreTake
 .text.vQueueDelete
                0x0000000008006400       0x4a ./Middlewares/Third_Party/FreeRTOS/Source/queue.o
                0x0000000008006400                vQueueDelete
 .text.prvGetDisinheritPriorityAfterTimeout
                0x000000000800644a       0x30 ./Middlewares/Third_Party/FreeRTOS/Source/queue.o
 .text.prvCopyDataToQueue
                0x000000000800647a       0xd4 ./Middlewares/Third_Party/FreeRTOS/Source/queue.o
 .text.prvCopyDataFromQueue
                0x000000000800654e       0x4c ./Middlewares/Third_Party/FreeRTOS/Source/queue.o
 .text.prvUnlockQueue
                0x000000000800659a       0xa4 ./Middlewares/Third_Party/FreeRTOS/Source/queue.o
 .text.prvIsQueueEmpty
                0x000000000800663e       0x2c ./Middlewares/Third_Party/FreeRTOS/Source/queue.o
 .text.prvIsQueueFull
                0x000000000800666a       0x30 ./Middlewares/Third_Party/FreeRTOS/Source/queue.o
 *fill*         0x000000000800669a        0x2 
 .text.vQueueAddToRegistry
                0x000000000800669c       0x54 ./Middlewares/Third_Party/FreeRTOS/Source/queue.o
                0x000000000800669c                vQueueAddToRegistry
 .text.vQueueUnregisterQueue
                0x00000000080066f0       0x54 ./Middlewares/Third_Party/FreeRTOS/Source/queue.o
                0x00000000080066f0                vQueueUnregisterQueue
 .text.vQueueWaitForMessageRestricted
                0x0000000008006744       0x68 ./Middlewares/Third_Party/FreeRTOS/Source/queue.o
                0x0000000008006744                vQueueWaitForMessageRestricted
 .text.xTaskCreateStatic
                0x00000000080067ac       0xc6 ./Middlewares/Third_Party/FreeRTOS/Source/tasks.o
                0x00000000080067ac                xTaskCreateStatic
 .text.xTaskCreate
                0x0000000008006872       0x8a ./Middlewares/Third_Party/FreeRTOS/Source/tasks.o
                0x0000000008006872                xTaskCreate
 .text.prvInitialiseNewTask
                0x00000000080068fc      0x150 ./Middlewares/Third_Party/FreeRTOS/Source/tasks.o
 .text.prvAddNewTaskToReadyList
                0x0000000008006a4c       0xe0 ./Middlewares/Third_Party/FreeRTOS/Source/tasks.o
 .text.vTaskDelay
                0x0000000008006b2c       0x6c ./Middlewares/Third_Party/FreeRTOS/Source/tasks.o
                0x0000000008006b2c                vTaskDelay
 .text.vTaskStartScheduler
                0x0000000008006b98       0xe8 ./Middlewares/Third_Party/FreeRTOS/Source/tasks.o
                0x0000000008006b98                vTaskStartScheduler
 .text.vTaskSuspendAll
                0x0000000008006c80       0x1c ./Middlewares/Third_Party/FreeRTOS/Source/tasks.o
                0x0000000008006c80                vTaskSuspendAll
 .text.xTaskResumeAll
                0x0000000008006c9c      0x140 ./Middlewares/Third_Party/FreeRTOS/Source/tasks.o
                0x0000000008006c9c                xTaskResumeAll
 .text.xTaskGetTickCount
                0x0000000008006ddc       0x20 ./Middlewares/Third_Party/FreeRTOS/Source/tasks.o
                0x0000000008006ddc                xTaskGetTickCount
 .text.xTaskIncrementTick
                0x0000000008006dfc      0x178 ./Middlewares/Third_Party/FreeRTOS/Source/tasks.o
                0x0000000008006dfc                xTaskIncrementTick
 .text.vTaskSwitchContext
                0x0000000008006f74      0x118 ./Middlewares/Third_Party/FreeRTOS/Source/tasks.o
                0x0000000008006f74                vTaskSwitchContext
 .text.vTaskPlaceOnEventList
                0x000000000800708c       0x4c ./Middlewares/Third_Party/FreeRTOS/Source/tasks.o
                0x000000000800708c                vTaskPlaceOnEventList
 .text.vTaskPlaceOnEventListRestricted
                0x00000000080070d8       0x5c ./Middlewares/Third_Party/FreeRTOS/Source/tasks.o
                0x00000000080070d8                vTaskPlaceOnEventListRestricted
 .text.xTaskRemoveFromEventList
                0x0000000008007134       0xcc ./Middlewares/Third_Party/FreeRTOS/Source/tasks.o
                0x0000000008007134                xTaskRemoveFromEventList
 .text.vTaskInternalSetTimeOutState
                0x0000000008007200       0x2c ./Middlewares/Third_Party/FreeRTOS/Source/tasks.o
                0x0000000008007200                vTaskInternalSetTimeOutState
 .text.xTaskCheckForTimeOut
                0x000000000800722c       0xcc ./Middlewares/Third_Party/FreeRTOS/Source/tasks.o
                0x000000000800722c                xTaskCheckForTimeOut
 .text.vTaskMissedYield
                0x00000000080072f8       0x18 ./Middlewares/Third_Party/FreeRTOS/Source/tasks.o
                0x00000000080072f8                vTaskMissedYield
 .text.prvIdleTask
                0x0000000008007310       0x34 ./Middlewares/Third_Party/FreeRTOS/Source/tasks.o
 .text.prvInitialiseTaskLists
                0x0000000008007344       0x80 ./Middlewares/Third_Party/FreeRTOS/Source/tasks.o
 .text.prvCheckTasksWaitingTermination
                0x00000000080073c4       0x5c ./Middlewares/Third_Party/FreeRTOS/Source/tasks.o
 .text.prvDeleteTCB
                0x0000000008007420       0x6c ./Middlewares/Third_Party/FreeRTOS/Source/tasks.o
 .text.prvResetNextTaskUnblockTime
                0x000000000800748c       0x40 ./Middlewares/Third_Party/FreeRTOS/Source/tasks.o
 .text.xTaskGetSchedulerState
                0x00000000080074cc       0x3c ./Middlewares/Third_Party/FreeRTOS/Source/tasks.o
                0x00000000080074cc                xTaskGetSchedulerState
 .text.xTaskPriorityInherit
                0x0000000008007508       0xd0 ./Middlewares/Third_Party/FreeRTOS/Source/tasks.o
                0x0000000008007508                xTaskPriorityInherit
 .text.xTaskPriorityDisinherit
                0x00000000080075d8       0xe4 ./Middlewares/Third_Party/FreeRTOS/Source/tasks.o
                0x00000000080075d8                xTaskPriorityDisinherit
 .text.vTaskPriorityDisinheritAfterTimeout
                0x00000000080076bc      0x10c ./Middlewares/Third_Party/FreeRTOS/Source/tasks.o
                0x00000000080076bc                vTaskPriorityDisinheritAfterTimeout
 .text.pvTaskIncrementMutexHeldCount
                0x00000000080077c8       0x28 ./Middlewares/Third_Party/FreeRTOS/Source/tasks.o
                0x00000000080077c8                pvTaskIncrementMutexHeldCount
 .text.prvAddCurrentTaskToDelayedList
                0x00000000080077f0       0xa8 ./Middlewares/Third_Party/FreeRTOS/Source/tasks.o
 .text.xTimerCreateTimerTask
                0x0000000008007898       0x94 ./Middlewares/Third_Party/FreeRTOS/Source/timers.o
                0x0000000008007898                xTimerCreateTimerTask
 .text.xTimerGenericCommand
                0x000000000800792c       0xa0 ./Middlewares/Third_Party/FreeRTOS/Source/timers.o
                0x000000000800792c                xTimerGenericCommand
 .text.prvProcessExpiredTimer
                0x00000000080079cc       0x9c ./Middlewares/Third_Party/FreeRTOS/Source/timers.o
 .text.prvTimerTask
                0x0000000008007a68       0x24 ./Middlewares/Third_Party/FreeRTOS/Source/timers.o
 .text.prvProcessTimerOrBlockTask
                0x0000000008007a8c       0x9c ./Middlewares/Third_Party/FreeRTOS/Source/timers.o
 .text.prvGetNextExpireTime
                0x0000000008007b28       0x48 ./Middlewares/Third_Party/FreeRTOS/Source/timers.o
 .text.prvSampleTimeNow
                0x0000000008007b70       0x40 ./Middlewares/Third_Party/FreeRTOS/Source/timers.o
 .text.prvInsertTimerInActiveList
                0x0000000008007bb0       0x84 ./Middlewares/Third_Party/FreeRTOS/Source/timers.o
 .text.prvProcessReceivedCommands
                0x0000000008007c34      0x1d0 ./Middlewares/Third_Party/FreeRTOS/Source/timers.o
 .text.prvSwitchTimerLists
                0x0000000008007e04       0xcc ./Middlewares/Third_Party/FreeRTOS/Source/timers.o
 .text.prvCheckForValidListAndQueue
                0x0000000008007ed0       0x80 ./Middlewares/Third_Party/FreeRTOS/Source/timers.o
 .text.pxPortInitialiseStack
                0x0000000008007f50       0x68 ./Middlewares/Third_Party/FreeRTOS/Source/portable/GCC/ARM_CM7/r0p1/port.o
                0x0000000008007f50                pxPortInitialiseStack
 .text.prvTaskExitError
                0x0000000008007fb8       0x60 ./Middlewares/Third_Party/FreeRTOS/Source/portable/GCC/ARM_CM7/r0p1/port.o
 *fill*         0x0000000008008018        0x8 
 .text.SVC_Handler
                0x0000000008008020       0x28 ./Middlewares/Third_Party/FreeRTOS/Source/portable/GCC/ARM_CM7/r0p1/port.o
                0x0000000008008020                SVC_Handler
 .text.prvPortStartFirstTask
                0x0000000008008048       0x28 ./Middlewares/Third_Party/FreeRTOS/Source/portable/GCC/ARM_CM7/r0p1/port.o
 .text.xPortStartScheduler
                0x0000000008008070       0xfc ./Middlewares/Third_Party/FreeRTOS/Source/portable/GCC/ARM_CM7/r0p1/port.o
                0x0000000008008070                xPortStartScheduler
 .text.vPortEnterCritical
                0x000000000800816c       0x68 ./Middlewares/Third_Party/FreeRTOS/Source/portable/GCC/ARM_CM7/r0p1/port.o
                0x000000000800816c                vPortEnterCritical
 .text.vPortExitCritical
                0x00000000080081d4       0x58 ./Middlewares/Third_Party/FreeRTOS/Source/portable/GCC/ARM_CM7/r0p1/port.o
                0x00000000080081d4                vPortExitCritical
 *fill*         0x000000000800822c        0x4 
 .text.PendSV_Handler
                0x0000000008008230       0x68 ./Middlewares/Third_Party/FreeRTOS/Source/portable/GCC/ARM_CM7/r0p1/port.o
                0x0000000008008230                PendSV_Handler
 .text.SysTick_Handler
                0x0000000008008298       0x48 ./Middlewares/Third_Party/FreeRTOS/Source/portable/GCC/ARM_CM7/r0p1/port.o
                0x0000000008008298                SysTick_Handler
 .text.vPortSetupTimerInterrupt
                0x00000000080082e0       0x48 ./Middlewares/Third_Party/FreeRTOS/Source/portable/GCC/ARM_CM7/r0p1/port.o
                0x00000000080082e0                vPortSetupTimerInterrupt
 .text.vPortEnableVFP
                0x0000000008008328       0x14 ./Middlewares/Third_Party/FreeRTOS/Source/portable/GCC/ARM_CM7/r0p1/port.o
 .text.vPortValidateInterruptPriority
                0x000000000800833c       0x88 ./Middlewares/Third_Party/FreeRTOS/Source/portable/GCC/ARM_CM7/r0p1/port.o
                0x000000000800833c                vPortValidateInterruptPriority
 .text.pvPortMalloc
                0x00000000080083c4      0x194 ./Middlewares/Third_Party/FreeRTOS/Source/portable/MemMang/heap_4.o
                0x00000000080083c4                pvPortMalloc
 .text.vPortFree
                0x0000000008008558       0xbc ./Middlewares/Third_Party/FreeRTOS/Source/portable/MemMang/heap_4.o
                0x0000000008008558                vPortFree
 .text.prvHeapInit
                0x0000000008008614       0xc4 ./Middlewares/Third_Party/FreeRTOS/Source/portable/MemMang/heap_4.o
 .text.prvInsertBlockIntoFreeList
                0x00000000080086d8       0xb4 ./Middlewares/Third_Party/FreeRTOS/Source/portable/MemMang/heap_4.o
 .text.memset   0x000000000800878c       0x10 C:/ST/STM32CubeIDE_1.5.0/STM32CubeIDE/plugins/com.st.stm32cube.ide.mcu.externaltools.gnu-tools-for-stm32.11.3.rel1.win32_1.1.100.202309141235/tools/bin/../lib/gcc/arm-none-eabi/11.3.1/../../../../arm-none-eabi/lib/thumb/v7e-m+dp/hard\libc_nano.a(libc_a-memset.o)
                0x000000000800878c                memset
 .text._reclaim_reent
                0x000000000800879c       0xac C:/ST/STM32CubeIDE_1.5.0/STM32CubeIDE/plugins/com.st.stm32cube.ide.mcu.externaltools.gnu-tools-for-stm32.11.3.rel1.win32_1.1.100.202309141235/tools/bin/../lib/gcc/arm-none-eabi/11.3.1/../../../../arm-none-eabi/lib/thumb/v7e-m+dp/hard\libc_nano.a(libc_a-reent.o)
                0x000000000800879c                _reclaim_reent
 .text.__libc_init_array
                0x0000000008008848       0x48 C:/ST/STM32CubeIDE_1.5.0/STM32CubeIDE/plugins/com.st.stm32cube.ide.mcu.externaltools.gnu-tools-for-stm32.11.3.rel1.win32_1.1.100.202309141235/tools/bin/../lib/gcc/arm-none-eabi/11.3.1/../../../../arm-none-eabi/lib/thumb/v7e-m+dp/hard\libc_nano.a(libc_a-init.o)
                0x0000000008008848                __libc_init_array
 .text.__retarget_lock_acquire_recursive
                0x0000000008008890        0x2 C:/ST/STM32CubeIDE_1.5.0/STM32CubeIDE/plugins/com.st.stm32cube.ide.mcu.externaltools.gnu-tools-for-stm32.11.3.rel1.win32_1.1.100.202309141235/tools/bin/../lib/gcc/arm-none-eabi/11.3.1/../../../../arm-none-eabi/lib/thumb/v7e-m+dp/hard\libc_nano.a(libc_a-lock.o)
                0x0000000008008890                __retarget_lock_acquire_recursive
 .text.__retarget_lock_release_recursive
                0x0000000008008892        0x2 C:/ST/STM32CubeIDE_1.5.0/STM32CubeIDE/plugins/com.st.stm32cube.ide.mcu.externaltools.gnu-tools-for-stm32.11.3.rel1.win32_1.1.100.202309141235/tools/bin/../lib/gcc/arm-none-eabi/11.3.1/../../../../arm-none-eabi/lib/thumb/v7e-m+dp/hard\libc_nano.a(libc_a-lock.o)
                0x0000000008008892                __retarget_lock_release_recursive
 .text.memcpy   0x0000000008008894       0x1c C:/ST/STM32CubeIDE_1.5.0/STM32CubeIDE/plugins/com.st.stm32cube.ide.mcu.externaltools.gnu-tools-for-stm32.11.3.rel1.win32_1.1.100.202309141235/tools/bin/../lib/gcc/arm-none-eabi/11.3.1/../../../../arm-none-eabi/lib/thumb/v7e-m+dp/hard\libc_nano.a(libc_a-memcpy-stub.o)
                0x0000000008008894                memcpy
 .text._free_r  0x00000000080088b0       0x98 C:/ST/STM32CubeIDE_1.5.0/STM32CubeIDE/plugins/com.st.stm32cube.ide.mcu.externaltools.gnu-tools-for-stm32.11.3.rel1.win32_1.1.100.202309141235/tools/bin/../lib/gcc/arm-none-eabi/11.3.1/../../../../arm-none-eabi/lib/thumb/v7e-m+dp/hard\libc_nano.a(libc_a-freer.o)
                0x00000000080088b0                _free_r
 .text.__malloc_lock
                0x0000000008008948        0xc C:/ST/STM32CubeIDE_1.5.0/STM32CubeIDE/plugins/com.st.stm32cube.ide.mcu.externaltools.gnu-tools-for-stm32.11.3.rel1.win32_1.1.100.202309141235/tools/bin/../lib/gcc/arm-none-eabi/11.3.1/../../../../arm-none-eabi/lib/thumb/v7e-m+dp/hard\libc_nano.a(libc_a-mlock.o)
                0x0000000008008948                __malloc_lock
 .text.__malloc_unlock
                0x0000000008008954        0xc C:/ST/STM32CubeIDE_1.5.0/STM32CubeIDE/plugins/com.st.stm32cube.ide.mcu.externaltools.gnu-tools-for-stm32.11.3.rel1.win32_1.1.100.202309141235/tools/bin/../lib/gcc/arm-none-eabi/11.3.1/../../../../arm-none-eabi/lib/thumb/v7e-m+dp/hard\libc_nano.a(libc_a-mlock.o)
                0x0000000008008954                __malloc_unlock
 *(.glue_7)
 .glue_7        0x0000000008008960        0x0 linker stubs
 *(.glue_7t)
 .glue_7t       0x0000000008008960        0x0 linker stubs
 *(.eh_frame)
 .eh_frame      0x0000000008008960        0x0 C:/ST/STM32CubeIDE_1.5.0/STM32CubeIDE/plugins/com.st.stm32cube.ide.mcu.externaltools.gnu-tools-for-stm32.11.3.rel1.win32_1.1.100.202309141235/tools/bin/../lib/gcc/arm-none-eabi/11.3.1/thumb/v7e-m+dp/hard/crtbegin.o
 *(.init)
 .init          0x0000000008008960        0x4 C:/ST/STM32CubeIDE_1.5.0/STM32CubeIDE/plugins/com.st.stm32cube.ide.mcu.externaltools.gnu-tools-for-stm32.11.3.rel1.win32_1.1.100.202309141235/tools/bin/../lib/gcc/arm-none-eabi/11.3.1/thumb/v7e-m+dp/hard/crti.o
                0x0000000008008960                _init
 .init          0x0000000008008964        0x8 C:/ST/STM32CubeIDE_1.5.0/STM32CubeIDE/plugins/com.st.stm32cube.ide.mcu.externaltools.gnu-tools-for-stm32.11.3.rel1.win32_1.1.100.202309141235/tools/bin/../lib/gcc/arm-none-eabi/11.3.1/thumb/v7e-m+dp/hard/crtn.o
 *(.fini)
 .fini          0x000000000800896c        0x4 C:/ST/STM32CubeIDE_1.5.0/STM32CubeIDE/plugins/com.st.stm32cube.ide.mcu.externaltools.gnu-tools-for-stm32.11.3.rel1.win32_1.1.100.202309141235/tools/bin/../lib/gcc/arm-none-eabi/11.3.1/thumb/v7e-m+dp/hard/crti.o
                0x000000000800896c                _fini
 .fini          0x0000000008008970        0x8 C:/ST/STM32CubeIDE_1.5.0/STM32CubeIDE/plugins/com.st.stm32cube.ide.mcu.externaltools.gnu-tools-for-stm32.11.3.rel1.win32_1.1.100.202309141235/tools/bin/../lib/gcc/arm-none-eabi/11.3.1/thumb/v7e-m+dp/hard/crtn.o
                0x0000000008008978                . = ALIGN (0x4)
                0x0000000008008978                _etext = .

.vfp11_veneer   0x0000000008008978        0x0
 .vfp11_veneer  0x0000000008008978        0x0 linker stubs

.v4_bx          0x0000000008008978        0x0
 .v4_bx         0x0000000008008978        0x0 linker stubs

.iplt           0x0000000008008978        0x0
 .iplt          0x0000000008008978        0x0 C:/ST/STM32CubeIDE_1.5.0/STM32CubeIDE/plugins/com.st.stm32cube.ide.mcu.externaltools.gnu-tools-for-stm32.11.3.rel1.win32_1.1.100.202309141235/tools/bin/../lib/gcc/arm-none-eabi/11.3.1/thumb/v7e-m+dp/hard/crtbegin.o

.rodata         0x0000000008008978      0x120
                0x0000000008008978                . = ALIGN (0x4)
 *(.rodata)
 .rodata        0x0000000008008978        0xf ./Core/Src/can_utils.o
 *fill*         0x0000000008008987        0x1 
 .rodata        0x0000000008008988       0x3e ./Core/Src/freertos.o
 *fill*         0x00000000080089c6        0x2 
 .rodata        0x00000000080089c8        0x5 ./Middlewares/Third_Party/FreeRTOS/Source/tasks.o
 *fill*         0x00000000080089cd        0x3 
 .rodata        0x00000000080089d0        0xd ./Middlewares/Third_Party/FreeRTOS/Source/timers.o
 *(.rodata*)
 *fill*         0x00000000080089dd        0x3 
 .rodata.defaultTask_attributes
                0x00000000080089e0       0x24 ./Core/Src/freertos.o
                0x00000000080089e0                defaultTask_attributes
 .rodata.Led1Task_attributes
                0x0000000008008a04       0x24 ./Core/Src/freertos.o
                0x0000000008008a04                Led1Task_attributes
 .rodata.Led2Task_attributes
                0x0000000008008a28       0x24 ./Core/Src/freertos.o
                0x0000000008008a28                Led2Task_attributes
 .rodata.Led3Task_attributes
                0x0000000008008a4c       0x24 ./Core/Src/freertos.o
                0x0000000008008a4c                Led3Task_attributes
 .rodata.GPIOsemaphore_attributes
                0x0000000008008a70       0x10 ./Core/Src/freertos.o
                0x0000000008008a70                GPIOsemaphore_attributes
 .rodata.AHBPrescTable
                0x0000000008008a80       0x10 ./Core/Src/system_stm32f7xx.o
                0x0000000008008a80                AHBPrescTable
 .rodata.APBPrescTable
                0x0000000008008a90        0x8 ./Core/Src/system_stm32f7xx.o
                0x0000000008008a90                APBPrescTable
                0x0000000008008a98                . = ALIGN (0x4)

.ARM.extab      0x0000000008008a98        0x0
                0x0000000008008a98                . = ALIGN (0x4)
 *(.ARM.extab* .gnu.linkonce.armextab.*)
                0x0000000008008a98                . = ALIGN (0x4)

.ARM            0x0000000008008a98        0x8
                0x0000000008008a98                . = ALIGN (0x4)
                0x0000000008008a98                __exidx_start = .
 *(.ARM.exidx*)
 .ARM.exidx     0x0000000008008a98        0x8 C:/ST/STM32CubeIDE_1.5.0/STM32CubeIDE/plugins/com.st.stm32cube.ide.mcu.externaltools.gnu-tools-for-stm32.11.3.rel1.win32_1.1.100.202309141235/tools/bin/../lib/gcc/arm-none-eabi/11.3.1/thumb/v7e-m+dp/hard\libgcc.a(_udivmoddi4.o)
                0x0000000008008aa0                __exidx_end = .
                0x0000000008008aa0                . = ALIGN (0x4)

.rel.dyn        0x0000000008008aa0        0x0
 .rel.iplt      0x0000000008008aa0        0x0 C:/ST/STM32CubeIDE_1.5.0/STM32CubeIDE/plugins/com.st.stm32cube.ide.mcu.externaltools.gnu-tools-for-stm32.11.3.rel1.win32_1.1.100.202309141235/tools/bin/../lib/gcc/arm-none-eabi/11.3.1/thumb/v7e-m+dp/hard/crtbegin.o

.preinit_array  0x0000000008008aa0        0x0
                0x0000000008008aa0                . = ALIGN (0x4)
                0x0000000008008aa0                PROVIDE (__preinit_array_start = .)
 *(.preinit_array*)
                0x0000000008008aa0                PROVIDE (__preinit_array_end = .)
                0x0000000008008aa0                . = ALIGN (0x4)

.init_array     0x0000000008008aa0        0x4
                0x0000000008008aa0                . = ALIGN (0x4)
                0x0000000008008aa0                PROVIDE (__init_array_start = .)
 *(SORT_BY_NAME(.init_array.*))
 *(.init_array*)
 .init_array    0x0000000008008aa0        0x4 C:/ST/STM32CubeIDE_1.5.0/STM32CubeIDE/plugins/com.st.stm32cube.ide.mcu.externaltools.gnu-tools-for-stm32.11.3.rel1.win32_1.1.100.202309141235/tools/bin/../lib/gcc/arm-none-eabi/11.3.1/thumb/v7e-m+dp/hard/crtbegin.o
                0x0000000008008aa4                PROVIDE (__init_array_end = .)
                0x0000000008008aa4                . = ALIGN (0x4)

.fini_array     0x0000000008008aa4        0x4
                0x0000000008008aa4                . = ALIGN (0x4)
                [!provide]                        PROVIDE (__fini_array_start = .)
 *(SORT_BY_NAME(.fini_array.*))
 *(.fini_array*)
 .fini_array    0x0000000008008aa4        0x4 C:/ST/STM32CubeIDE_1.5.0/STM32CubeIDE/plugins/com.st.stm32cube.ide.mcu.externaltools.gnu-tools-for-stm32.11.3.rel1.win32_1.1.100.202309141235/tools/bin/../lib/gcc/arm-none-eabi/11.3.1/thumb/v7e-m+dp/hard/crtbegin.o
                [!provide]                        PROVIDE (__fini_array_end = .)
                0x0000000008008aa8                . = ALIGN (0x4)
                0x0000000008008aa8                _sidata = LOADADDR (.data)

.data           0x0000000020000000       0x74 load address 0x0000000008008aa8
                0x0000000020000000                . = ALIGN (0x4)
                0x0000000020000000                _sdata = .
 *(.data)
 *(.data*)
 .data.testData
                0x0000000020000000       0x14 ./Core/Src/main.o
                0x0000000020000000                testData
 .data.SystemCoreClock
                0x0000000020000014        0x4 ./Core/Src/system_stm32f7xx.o
                0x0000000020000014                SystemCoreClock
 .data.uwTickPrio
                0x0000000020000018        0x4 ./Drivers/STM32F7xx_HAL_Driver/Src/stm32f7xx_hal.o
                0x0000000020000018                uwTickPrio
 .data.uwTickFreq
                0x000000002000001c        0x1 ./Drivers/STM32F7xx_HAL_Driver/Src/stm32f7xx_hal.o
                0x000000002000001c                uwTickFreq
 *fill*         0x000000002000001d        0x3 
 .data.uxCriticalNesting
                0x0000000020000020        0x4 ./Middlewares/Third_Party/FreeRTOS/Source/portable/GCC/ARM_CM7/r0p1/port.o
 .data._impure_data
                0x0000000020000024       0x4c C:/ST/STM32CubeIDE_1.5.0/STM32CubeIDE/plugins/com.st.stm32cube.ide.mcu.externaltools.gnu-tools-for-stm32.11.3.rel1.win32_1.1.100.202309141235/tools/bin/../lib/gcc/arm-none-eabi/11.3.1/../../../../arm-none-eabi/lib/thumb/v7e-m+dp/hard\libc_nano.a(libc_a-impure.o)
                0x0000000020000024                _impure_data
 .data._impure_ptr
                0x0000000020000070        0x4 C:/ST/STM32CubeIDE_1.5.0/STM32CubeIDE/plugins/com.st.stm32cube.ide.mcu.externaltools.gnu-tools-for-stm32.11.3.rel1.win32_1.1.100.202309141235/tools/bin/../lib/gcc/arm-none-eabi/11.3.1/../../../../arm-none-eabi/lib/thumb/v7e-m+dp/hard\libc_nano.a(libc_a-impure.o)
                0x0000000020000070                _impure_ptr
 *(.RamFunc)
 *(.RamFunc*)
                0x0000000020000074                . = ALIGN (0x4)
                0x0000000020000074                _edata = .

.igot.plt       0x0000000020000074        0x0 load address 0x0000000008008b1c
 .igot.plt      0x0000000020000074        0x0 C:/ST/STM32CubeIDE_1.5.0/STM32CubeIDE/plugins/com.st.stm32cube.ide.mcu.externaltools.gnu-tools-for-stm32.11.3.rel1.win32_1.1.100.202309141235/tools/bin/../lib/gcc/arm-none-eabi/11.3.1/thumb/v7e-m+dp/hard/crtbegin.o
                0x0000000020000074                . = ALIGN (0x4)

.bss            0x0000000020000074     0xb5a0 load address 0x0000000008008b1c
                0x0000000020000074                _sbss = .
                0x0000000020000074                __bss_start__ = _sbss
 *(.bss)
 .bss           0x0000000020000074       0x1c C:/ST/STM32CubeIDE_1.5.0/STM32CubeIDE/plugins/com.st.stm32cube.ide.mcu.externaltools.gnu-tools-for-stm32.11.3.rel1.win32_1.1.100.202309141235/tools/bin/../lib/gcc/arm-none-eabi/11.3.1/thumb/v7e-m+dp/hard/crtbegin.o
 *(.bss*)
 .bss.hcan1     0x0000000020000090       0x28 ./Core/Src/can.o
                0x0000000020000090                hcan1
 .bss.hcan2     0x00000000200000b8       0x28 ./Core/Src/can.o
                0x00000000200000b8                hcan2
 .bss.hcan3     0x00000000200000e0       0x28 ./Core/Src/can.o
                0x00000000200000e0                hcan3
 .bss.HAL_RCC_CAN1_CLK_ENABLED
                0x0000000020000108        0x4 ./Core/Src/can.o
 .bss.xCan20CheckHandle
                0x000000002000010c        0x4 ./Core/Src/can_utils.o
                0x000000002000010c                xCan20CheckHandle
 .bss.xMapperModSemaphore
                0x0000000020000110        0x4 ./Core/Src/can_utils.o
                0x0000000020000110                xMapperModSemaphore
 .bss.xSendSemaphore
                0x0000000020000114        0x4 ./Core/Src/can_utils.o
                0x0000000020000114                xSendSemaphore
 .bss.CanReceiverMapper
                0x0000000020000118      0x4b0 ./Core/Src/can_utils.o
                0x0000000020000118                CanReceiverMapper
 .bss.CanReceiverCounter
                0x00000000200005c8        0x2 ./Core/Src/can_utils.o
                0x00000000200005c8                CanReceiverCounter
 *fill*         0x00000000200005ca        0x2 
 .bss.hcrc      0x00000000200005cc       0x24 ./Core/Src/crc.o
                0x00000000200005cc                hcrc
 .bss.defaultTaskHandle
                0x00000000200005f0        0x4 ./Core/Src/freertos.o
                0x00000000200005f0                defaultTaskHandle
 .bss.Led1TaskHandle
                0x00000000200005f4        0x4 ./Core/Src/freertos.o
                0x00000000200005f4                Led1TaskHandle
 .bss.Led2TaskHandle
                0x00000000200005f8        0x4 ./Core/Src/freertos.o
                0x00000000200005f8                Led2TaskHandle
 .bss.Led3TaskHandle
                0x00000000200005fc        0x4 ./Core/Src/freertos.o
                0x00000000200005fc                Led3TaskHandle
 .bss.GPIOsemaphoreHandle
                0x0000000020000600        0x4 ./Core/Src/freertos.o
                0x0000000020000600                GPIOsemaphoreHandle
 .bss.CanFilterConfig
                0x0000000020000604       0x28 ./Core/Src/main.o
                0x0000000020000604                CanFilterConfig
 .bss.testData2
                0x000000002000062c      0x100 ./Core/Src/main.o
                0x000000002000062c                testData2
 .bss.CanMsg1   0x000000002000072c      0x228 ./Core/Src/main.o
                0x000000002000072c                CanMsg1
 .bss.CanMsg2   0x0000000020000954      0x228 ./Core/Src/main.o
                0x0000000020000954                CanMsg2
 .bss.CanMsg3   0x0000000020000b7c      0x228 ./Core/Src/main.o
                0x0000000020000b7c                CanMsg3
 .bss.CheckFrame
                0x0000000020000da4      0x228 ./Core/Src/main.o
                0x0000000020000da4                CheckFrame
 .bss.CheckFrame2
                0x0000000020000fcc      0x228 ./Core/Src/main.o
                0x0000000020000fcc                CheckFrame2
 .bss.ExtCheck  0x00000000200011f4      0x228 ./Core/Src/main.o
                0x00000000200011f4                ExtCheck
 .bss.htim14    0x000000002000141c       0x4c ./Core/Src/stm32f7xx_hal_timebase_tim.o
                0x000000002000141c                htim14
 .bss.huart3    0x0000000020001468       0x88 ./Core/Src/usart.o
                0x0000000020001468                huart3
 .bss.uwTick    0x00000000200014f0        0x4 ./Drivers/STM32F7xx_HAL_Driver/Src/stm32f7xx_hal.o
                0x00000000200014f0                uwTick
 .bss.KernelState
                0x00000000200014f4        0x4 ./Middlewares/Third_Party/FreeRTOS/Source/CMSIS_RTOS_V2/cmsis_os2.o
 .bss.Idle_TCB  0x00000000200014f8       0xa8 ./Middlewares/Third_Party/FreeRTOS/Source/CMSIS_RTOS_V2/cmsis_os2.o
 .bss.Idle_Stack
                0x00000000200015a0      0x800 ./Middlewares/Third_Party/FreeRTOS/Source/CMSIS_RTOS_V2/cmsis_os2.o
 .bss.Timer_TCB
                0x0000000020001da0       0xa8 ./Middlewares/Third_Party/FreeRTOS/Source/CMSIS_RTOS_V2/cmsis_os2.o
 .bss.Timer_Stack
                0x0000000020001e48     0x1000 ./Middlewares/Third_Party/FreeRTOS/Source/CMSIS_RTOS_V2/cmsis_os2.o
 .bss.xQueueRegistry
                0x0000000020002e48       0x40 ./Middlewares/Third_Party/FreeRTOS/Source/queue.o
                0x0000000020002e48                xQueueRegistry
 .bss.pxCurrentTCB
                0x0000000020002e88        0x4 ./Middlewares/Third_Party/FreeRTOS/Source/tasks.o
                0x0000000020002e88                pxCurrentTCB
 .bss.pxReadyTasksLists
                0x0000000020002e8c      0x460 ./Middlewares/Third_Party/FreeRTOS/Source/tasks.o
 .bss.xDelayedTaskList1
                0x00000000200032ec       0x14 ./Middlewares/Third_Party/FreeRTOS/Source/tasks.o
 .bss.xDelayedTaskList2
                0x0000000020003300       0x14 ./Middlewares/Third_Party/FreeRTOS/Source/tasks.o
 .bss.pxDelayedTaskList
                0x0000000020003314        0x4 ./Middlewares/Third_Party/FreeRTOS/Source/tasks.o
 .bss.pxOverflowDelayedTaskList
                0x0000000020003318        0x4 ./Middlewares/Third_Party/FreeRTOS/Source/tasks.o
 .bss.xPendingReadyList
                0x000000002000331c       0x14 ./Middlewares/Third_Party/FreeRTOS/Source/tasks.o
 .bss.xTasksWaitingTermination
                0x0000000020003330       0x14 ./Middlewares/Third_Party/FreeRTOS/Source/tasks.o
 .bss.uxDeletedTasksWaitingCleanUp
                0x0000000020003344        0x4 ./Middlewares/Third_Party/FreeRTOS/Source/tasks.o
 .bss.xSuspendedTaskList
                0x0000000020003348       0x14 ./Middlewares/Third_Party/FreeRTOS/Source/tasks.o
 .bss.uxCurrentNumberOfTasks
                0x000000002000335c        0x4 ./Middlewares/Third_Party/FreeRTOS/Source/tasks.o
 .bss.xTickCount
                0x0000000020003360        0x4 ./Middlewares/Third_Party/FreeRTOS/Source/tasks.o
 .bss.uxTopReadyPriority
                0x0000000020003364        0x4 ./Middlewares/Third_Party/FreeRTOS/Source/tasks.o
 .bss.xSchedulerRunning
                0x0000000020003368        0x4 ./Middlewares/Third_Party/FreeRTOS/Source/tasks.o
 .bss.uxPendedTicks
                0x000000002000336c        0x4 ./Middlewares/Third_Party/FreeRTOS/Source/tasks.o
 .bss.xYieldPending
                0x0000000020003370        0x4 ./Middlewares/Third_Party/FreeRTOS/Source/tasks.o
 .bss.xNumOfOverflows
                0x0000000020003374        0x4 ./Middlewares/Third_Party/FreeRTOS/Source/tasks.o
 .bss.uxTaskNumber
                0x0000000020003378        0x4 ./Middlewares/Third_Party/FreeRTOS/Source/tasks.o
 .bss.xNextTaskUnblockTime
                0x000000002000337c        0x4 ./Middlewares/Third_Party/FreeRTOS/Source/tasks.o
 .bss.xIdleTaskHandle
                0x0000000020003380        0x4 ./Middlewares/Third_Party/FreeRTOS/Source/tasks.o
 .bss.uxSchedulerSuspended
                0x0000000020003384        0x4 ./Middlewares/Third_Party/FreeRTOS/Source/tasks.o
 .bss.xActiveTimerList1
                0x0000000020003388       0x14 ./Middlewares/Third_Party/FreeRTOS/Source/timers.o
 .bss.xActiveTimerList2
                0x000000002000339c       0x14 ./Middlewares/Third_Party/FreeRTOS/Source/timers.o
 .bss.pxCurrentTimerList
                0x00000000200033b0        0x4 ./Middlewares/Third_Party/FreeRTOS/Source/timers.o
 .bss.pxOverflowTimerList
                0x00000000200033b4        0x4 ./Middlewares/Third_Party/FreeRTOS/Source/timers.o
 .bss.xTimerQueue
                0x00000000200033b8        0x4 ./Middlewares/Third_Party/FreeRTOS/Source/timers.o
 .bss.xTimerTaskHandle
                0x00000000200033bc        0x4 ./Middlewares/Third_Party/FreeRTOS/Source/timers.o
 .bss.xLastTime.2
                0x00000000200033c0        0x4 ./Middlewares/Third_Party/FreeRTOS/Source/timers.o
 .bss.ucStaticTimerQueueStorage.1
                0x00000000200033c4       0xa0 ./Middlewares/Third_Party/FreeRTOS/Source/timers.o
 .bss.xStaticTimerQueue.0
                0x0000000020003464       0x50 ./Middlewares/Third_Party/FreeRTOS/Source/timers.o
 .bss.ucMaxSysCallPriority
                0x00000000200034b4        0x1 ./Middlewares/Third_Party/FreeRTOS/Source/portable/GCC/ARM_CM7/r0p1/port.o
 *fill*         0x00000000200034b5        0x3 
 .bss.ulMaxPRIGROUPValue
                0x00000000200034b8        0x4 ./Middlewares/Third_Party/FreeRTOS/Source/portable/GCC/ARM_CM7/r0p1/port.o
 .bss.ucHeap    0x00000000200034bc     0x8000 ./Middlewares/Third_Party/FreeRTOS/Source/portable/MemMang/heap_4.o
 .bss.xStart    0x000000002000b4bc        0x8 ./Middlewares/Third_Party/FreeRTOS/Source/portable/MemMang/heap_4.o
 .bss.pxEnd     0x000000002000b4c4        0x4 ./Middlewares/Third_Party/FreeRTOS/Source/portable/MemMang/heap_4.o
 .bss.xFreeBytesRemaining
                0x000000002000b4c8        0x4 ./Middlewares/Third_Party/FreeRTOS/Source/portable/MemMang/heap_4.o
 .bss.xMinimumEverFreeBytesRemaining
                0x000000002000b4cc        0x4 ./Middlewares/Third_Party/FreeRTOS/Source/portable/MemMang/heap_4.o
 .bss.xBlockAllocatedBit
                0x000000002000b4d0        0x4 ./Middlewares/Third_Party/FreeRTOS/Source/portable/MemMang/heap_4.o
 .bss.__sf      0x000000002000b4d4      0x138 C:/ST/STM32CubeIDE_1.5.0/STM32CubeIDE/plugins/com.st.stm32cube.ide.mcu.externaltools.gnu-tools-for-stm32.11.3.rel1.win32_1.1.100.202309141235/tools/bin/../lib/gcc/arm-none-eabi/11.3.1/../../../../arm-none-eabi/lib/thumb/v7e-m+dp/hard\libc_nano.a(libc_a-findfp.o)
                0x000000002000b4d4                __sf
 .bss.__lock___malloc_recursive_mutex
                0x000000002000b60c        0x1 C:/ST/STM32CubeIDE_1.5.0/STM32CubeIDE/plugins/com.st.stm32cube.ide.mcu.externaltools.gnu-tools-for-stm32.11.3.rel1.win32_1.1.100.202309141235/tools/bin/../lib/gcc/arm-none-eabi/11.3.1/../../../../arm-none-eabi/lib/thumb/v7e-m+dp/hard\libc_nano.a(libc_a-lock.o)
                0x000000002000b60c                __lock___malloc_recursive_mutex
 *fill*         0x000000002000b60d        0x3 
 .bss.__malloc_free_list
                0x000000002000b610        0x4 C:/ST/STM32CubeIDE_1.5.0/STM32CubeIDE/plugins/com.st.stm32cube.ide.mcu.externaltools.gnu-tools-for-stm32.11.3.rel1.win32_1.1.100.202309141235/tools/bin/../lib/gcc/arm-none-eabi/11.3.1/../../../../arm-none-eabi/lib/thumb/v7e-m+dp/hard\libc_nano.a(libc_a-mallocr.o)
                0x000000002000b610                __malloc_free_list
 *(COMMON)
                0x000000002000b614                . = ALIGN (0x4)
                0x000000002000b614                _ebss = .
                0x000000002000b614                __bss_end__ = _ebss

._user_heap_stack
                0x000000002000b614      0xc04 load address 0x0000000008008b1c
                0x000000002000b618                . = ALIGN (0x8)
 *fill*         0x000000002000b614        0x4 
                [!provide]                        PROVIDE (end = .)
                0x000000002000b618                PROVIDE (_end = .)
                0x000000002000ba18                . = (. + _Min_Heap_Size)
 *fill*         0x000000002000b618      0x400 
                0x000000002000c218                . = (. + _Min_Stack_Size)
 *fill*         0x000000002000ba18      0x800 
                0x000000002000c218                . = ALIGN (0x8)

/DISCARD/
 libc.a(*)
 libm.a(*)
 libgcc.a(*)

.ARM.attributes
                0x0000000000000000       0x2e
 *(.ARM.attributes)
 .ARM.attributes
                0x0000000000000000       0x1e C:/ST/STM32CubeIDE_1.5.0/STM32CubeIDE/plugins/com.st.stm32cube.ide.mcu.externaltools.gnu-tools-for-stm32.11.3.rel1.win32_1.1.100.202309141235/tools/bin/../lib/gcc/arm-none-eabi/11.3.1/thumb/v7e-m+dp/hard/crti.o
 .ARM.attributes
                0x000000000000001e       0x32 C:/ST/STM32CubeIDE_1.5.0/STM32CubeIDE/plugins/com.st.stm32cube.ide.mcu.externaltools.gnu-tools-for-stm32.11.3.rel1.win32_1.1.100.202309141235/tools/bin/../lib/gcc/arm-none-eabi/11.3.1/thumb/v7e-m+dp/hard/crtbegin.o
 .ARM.attributes
                0x0000000000000050       0x32 ./Core/Src/can.o
 .ARM.attributes
                0x0000000000000082       0x32 ./Core/Src/can_utils.o
 .ARM.attributes
                0x00000000000000b4       0x32 ./Core/Src/crc.o
 .ARM.attributes
                0x00000000000000e6       0x32 ./Core/Src/freertos.o
 .ARM.attributes
                0x0000000000000118       0x32 ./Core/Src/gpio.o
 .ARM.attributes
                0x000000000000014a       0x32 ./Core/Src/main.o
 .ARM.attributes
                0x000000000000017c       0x32 ./Core/Src/stm32f7xx_hal_msp.o
 .ARM.attributes
                0x00000000000001ae       0x32 ./Core/Src/stm32f7xx_hal_timebase_tim.o
 .ARM.attributes
                0x00000000000001e0       0x32 ./Core/Src/stm32f7xx_it.o
 .ARM.attributes
                0x0000000000000212       0x32 ./Core/Src/system_stm32f7xx.o
 .ARM.attributes
                0x0000000000000244       0x32 ./Core/Src/usart.o
 .ARM.attributes
                0x0000000000000276       0x21 ./Core/Startup/startup_stm32f767zitx.o
 .ARM.attributes
                0x0000000000000297       0x32 ./Drivers/STM32F7xx_HAL_Driver/Src/stm32f7xx_hal.o
 .ARM.attributes
                0x00000000000002c9       0x32 ./Drivers/STM32F7xx_HAL_Driver/Src/stm32f7xx_hal_can.o
 .ARM.attributes
                0x00000000000002fb       0x32 ./Drivers/STM32F7xx_HAL_Driver/Src/stm32f7xx_hal_cortex.o
 .ARM.attributes
                0x000000000000032d       0x32 ./Drivers/STM32F7xx_HAL_Driver/Src/stm32f7xx_hal_crc.o
 .ARM.attributes
                0x000000000000035f       0x32 ./Drivers/STM32F7xx_HAL_Driver/Src/stm32f7xx_hal_crc_ex.o
 .ARM.attributes
                0x0000000000000391       0x32 ./Drivers/STM32F7xx_HAL_Driver/Src/stm32f7xx_hal_gpio.o
 .ARM.attributes
                0x00000000000003c3       0x32 ./Drivers/STM32F7xx_HAL_Driver/Src/stm32f7xx_hal_pwr.o
 .ARM.attributes
                0x00000000000003f5       0x32 ./Drivers/STM32F7xx_HAL_Driver/Src/stm32f7xx_hal_pwr_ex.o
 .ARM.attributes
                0x0000000000000427       0x32 ./Drivers/STM32F7xx_HAL_Driver/Src/stm32f7xx_hal_rcc.o
 .ARM.attributes
                0x0000000000000459       0x32 ./Drivers/STM32F7xx_HAL_Driver/Src/stm32f7xx_hal_rcc_ex.o
 .ARM.attributes
                0x000000000000048b       0x32 ./Drivers/STM32F7xx_HAL_Driver/Src/stm32f7xx_hal_tim.o
 .ARM.attributes
                0x00000000000004bd       0x32 ./Drivers/STM32F7xx_HAL_Driver/Src/stm32f7xx_hal_tim_ex.o
 .ARM.attributes
                0x00000000000004ef       0x32 ./Drivers/STM32F7xx_HAL_Driver/Src/stm32f7xx_hal_uart.o
 .ARM.attributes
                0x0000000000000521       0x32 ./Middlewares/Third_Party/FreeRTOS/Source/CMSIS_RTOS_V2/cmsis_os2.o
 .ARM.attributes
                0x0000000000000553       0x32 ./Middlewares/Third_Party/FreeRTOS/Source/list.o
 .ARM.attributes
                0x0000000000000585       0x32 ./Middlewares/Third_Party/FreeRTOS/Source/queue.o
 .ARM.attributes
                0x00000000000005b7       0x32 ./Middlewares/Third_Party/FreeRTOS/Source/tasks.o
 .ARM.attributes
                0x00000000000005e9       0x32 ./Middlewares/Third_Party/FreeRTOS/Source/timers.o
 .ARM.attributes
                0x000000000000061b       0x32 ./Middlewares/Third_Party/FreeRTOS/Source/portable/GCC/ARM_CM7/r0p1/port.o
 .ARM.attributes
                0x000000000000064d       0x32 ./Middlewares/Third_Party/FreeRTOS/Source/portable/MemMang/heap_4.o
 .ARM.attributes
                0x000000000000067f       0x32 C:/ST/STM32CubeIDE_1.5.0/STM32CubeIDE/plugins/com.st.stm32cube.ide.mcu.externaltools.gnu-tools-for-stm32.11.3.rel1.win32_1.1.100.202309141235/tools/bin/../lib/gcc/arm-none-eabi/11.3.1/../../../../arm-none-eabi/lib/thumb/v7e-m+dp/hard\libc_nano.a(libc_a-findfp.o)
 .ARM.attributes
                0x00000000000006b1       0x32 C:/ST/STM32CubeIDE_1.5.0/STM32CubeIDE/plugins/com.st.stm32cube.ide.mcu.externaltools.gnu-tools-for-stm32.11.3.rel1.win32_1.1.100.202309141235/tools/bin/../lib/gcc/arm-none-eabi/11.3.1/../../../../arm-none-eabi/lib/thumb/v7e-m+dp/hard\libc_nano.a(libc_a-memset.o)
 .ARM.attributes
                0x00000000000006e3       0x32 C:/ST/STM32CubeIDE_1.5.0/STM32CubeIDE/plugins/com.st.stm32cube.ide.mcu.externaltools.gnu-tools-for-stm32.11.3.rel1.win32_1.1.100.202309141235/tools/bin/../lib/gcc/arm-none-eabi/11.3.1/../../../../arm-none-eabi/lib/thumb/v7e-m+dp/hard\libc_nano.a(libc_a-reent.o)
 .ARM.attributes
                0x0000000000000715       0x32 C:/ST/STM32CubeIDE_1.5.0/STM32CubeIDE/plugins/com.st.stm32cube.ide.mcu.externaltools.gnu-tools-for-stm32.11.3.rel1.win32_1.1.100.202309141235/tools/bin/../lib/gcc/arm-none-eabi/11.3.1/../../../../arm-none-eabi/lib/thumb/v7e-m+dp/hard\libc_nano.a(libc_a-impure.o)
 .ARM.attributes
                0x0000000000000747       0x32 C:/ST/STM32CubeIDE_1.5.0/STM32CubeIDE/plugins/com.st.stm32cube.ide.mcu.externaltools.gnu-tools-for-stm32.11.3.rel1.win32_1.1.100.202309141235/tools/bin/../lib/gcc/arm-none-eabi/11.3.1/../../../../arm-none-eabi/lib/thumb/v7e-m+dp/hard\libc_nano.a(libc_a-init.o)
 .ARM.attributes
                0x0000000000000779       0x32 C:/ST/STM32CubeIDE_1.5.0/STM32CubeIDE/plugins/com.st.stm32cube.ide.mcu.externaltools.gnu-tools-for-stm32.11.3.rel1.win32_1.1.100.202309141235/tools/bin/../lib/gcc/arm-none-eabi/11.3.1/../../../../arm-none-eabi/lib/thumb/v7e-m+dp/hard\libc_nano.a(libc_a-lock.o)
 .ARM.attributes
                0x00000000000007ab       0x32 C:/ST/STM32CubeIDE_1.5.0/STM32CubeIDE/plugins/com.st.stm32cube.ide.mcu.externaltools.gnu-tools-for-stm32.11.3.rel1.win32_1.1.100.202309141235/tools/bin/../lib/gcc/arm-none-eabi/11.3.1/../../../../arm-none-eabi/lib/thumb/v7e-m+dp/hard\libc_nano.a(libc_a-memcpy-stub.o)
 .ARM.attributes
                0x00000000000007dd       0x32 C:/ST/STM32CubeIDE_1.5.0/STM32CubeIDE/plugins/com.st.stm32cube.ide.mcu.externaltools.gnu-tools-for-stm32.11.3.rel1.win32_1.1.100.202309141235/tools/bin/../lib/gcc/arm-none-eabi/11.3.1/../../../../arm-none-eabi/lib/thumb/v7e-m+dp/hard\libc_nano.a(libc_a-freer.o)
 .ARM.attributes
                0x000000000000080f       0x32 C:/ST/STM32CubeIDE_1.5.0/STM32CubeIDE/plugins/com.st.stm32cube.ide.mcu.externaltools.gnu-tools-for-stm32.11.3.rel1.win32_1.1.100.202309141235/tools/bin/../lib/gcc/arm-none-eabi/11.3.1/../../../../arm-none-eabi/lib/thumb/v7e-m+dp/hard\libc_nano.a(libc_a-mallocr.o)
 .ARM.attributes
                0x0000000000000841       0x32 C:/ST/STM32CubeIDE_1.5.0/STM32CubeIDE/plugins/com.st.stm32cube.ide.mcu.externaltools.gnu-tools-for-stm32.11.3.rel1.win32_1.1.100.202309141235/tools/bin/../lib/gcc/arm-none-eabi/11.3.1/../../../../arm-none-eabi/lib/thumb/v7e-m+dp/hard\libc_nano.a(libc_a-mlock.o)
 .ARM.attributes
                0x0000000000000873       0x1e C:/ST/STM32CubeIDE_1.5.0/STM32CubeIDE/plugins/com.st.stm32cube.ide.mcu.externaltools.gnu-tools-for-stm32.11.3.rel1.win32_1.1.100.202309141235/tools/bin/../lib/gcc/arm-none-eabi/11.3.1/thumb/v7e-m+dp/hard\libgcc.a(_aeabi_uldivmod.o)
 .ARM.attributes
                0x0000000000000891       0x32 C:/ST/STM32CubeIDE_1.5.0/STM32CubeIDE/plugins/com.st.stm32cube.ide.mcu.externaltools.gnu-tools-for-stm32.11.3.rel1.win32_1.1.100.202309141235/tools/bin/../lib/gcc/arm-none-eabi/11.3.1/thumb/v7e-m+dp/hard\libgcc.a(_udivmoddi4.o)
 .ARM.attributes
                0x00000000000008c3       0x1e C:/ST/STM32CubeIDE_1.5.0/STM32CubeIDE/plugins/com.st.stm32cube.ide.mcu.externaltools.gnu-tools-for-stm32.11.3.rel1.win32_1.1.100.202309141235/tools/bin/../lib/gcc/arm-none-eabi/11.3.1/thumb/v7e-m+dp/hard\libgcc.a(_dvmd_tls.o)
 .ARM.attributes
                0x00000000000008e1       0x1e C:/ST/STM32CubeIDE_1.5.0/STM32CubeIDE/plugins/com.st.stm32cube.ide.mcu.externaltools.gnu-tools-for-stm32.11.3.rel1.win32_1.1.100.202309141235/tools/bin/../lib/gcc/arm-none-eabi/11.3.1/thumb/v7e-m+dp/hard/crtn.o
OUTPUT(767_RTOS_CAN.elf elf32-littlearm)
LOAD linker stubs
LOAD C:/ST/STM32CubeIDE_1.5.0/STM32CubeIDE/plugins/com.st.stm32cube.ide.mcu.externaltools.gnu-tools-for-stm32.11.3.rel1.win32_1.1.100.202309141235/tools/bin/../lib/gcc/arm-none-eabi/11.3.1/../../../../arm-none-eabi/lib/thumb/v7e-m+dp/hard\libc.a
LOAD C:/ST/STM32CubeIDE_1.5.0/STM32CubeIDE/plugins/com.st.stm32cube.ide.mcu.externaltools.gnu-tools-for-stm32.11.3.rel1.win32_1.1.100.202309141235/tools/bin/../lib/gcc/arm-none-eabi/11.3.1/../../../../arm-none-eabi/lib/thumb/v7e-m+dp/hard\libm.a
LOAD C:/ST/STM32CubeIDE_1.5.0/STM32CubeIDE/plugins/com.st.stm32cube.ide.mcu.externaltools.gnu-tools-for-stm32.11.3.rel1.win32_1.1.100.202309141235/tools/bin/../lib/gcc/arm-none-eabi/11.3.1/thumb/v7e-m+dp/hard\libgcc.a

.comment        0x0000000000000000       0x43
 .comment       0x0000000000000000       0x43 C:/ST/STM32CubeIDE_1.5.0/STM32CubeIDE/plugins/com.st.stm32cube.ide.mcu.externaltools.gnu-tools-for-stm32.11.3.rel1.win32_1.1.100.202309141235/tools/bin/../lib/gcc/arm-none-eabi/11.3.1/thumb/v7e-m+dp/hard/crtbegin.o
                                         0x44 (size before relaxing)
 .comment       0x0000000000000043       0x44 ./Core/Src/can.o
 .comment       0x0000000000000043       0x44 ./Core/Src/can_utils.o
 .comment       0x0000000000000043       0x44 ./Core/Src/crc.o
 .comment       0x0000000000000043       0x44 ./Core/Src/freertos.o
 .comment       0x0000000000000043       0x44 ./Core/Src/gpio.o
 .comment       0x0000000000000043       0x44 ./Core/Src/main.o
 .comment       0x0000000000000043       0x44 ./Core/Src/stm32f7xx_hal_msp.o
 .comment       0x0000000000000043       0x44 ./Core/Src/stm32f7xx_hal_timebase_tim.o
 .comment       0x0000000000000043       0x44 ./Core/Src/stm32f7xx_it.o
 .comment       0x0000000000000043       0x44 ./Core/Src/system_stm32f7xx.o
 .comment       0x0000000000000043       0x44 ./Core/Src/usart.o
 .comment       0x0000000000000043       0x44 ./Drivers/STM32F7xx_HAL_Driver/Src/stm32f7xx_hal.o
 .comment       0x0000000000000043       0x44 ./Drivers/STM32F7xx_HAL_Driver/Src/stm32f7xx_hal_can.o
 .comment       0x0000000000000043       0x44 ./Drivers/STM32F7xx_HAL_Driver/Src/stm32f7xx_hal_cortex.o
 .comment       0x0000000000000043       0x44 ./Drivers/STM32F7xx_HAL_Driver/Src/stm32f7xx_hal_crc.o
 .comment       0x0000000000000043       0x44 ./Drivers/STM32F7xx_HAL_Driver/Src/stm32f7xx_hal_crc_ex.o
 .comment       0x0000000000000043       0x44 ./Drivers/STM32F7xx_HAL_Driver/Src/stm32f7xx_hal_gpio.o
 .comment       0x0000000000000043       0x44 ./Drivers/STM32F7xx_HAL_Driver/Src/stm32f7xx_hal_pwr.o
 .comment       0x0000000000000043       0x44 ./Drivers/STM32F7xx_HAL_Driver/Src/stm32f7xx_hal_pwr_ex.o
 .comment       0x0000000000000043       0x44 ./Drivers/STM32F7xx_HAL_Driver/Src/stm32f7xx_hal_rcc.o
 .comment       0x0000000000000043       0x44 ./Drivers/STM32F7xx_HAL_Driver/Src/stm32f7xx_hal_rcc_ex.o
 .comment       0x0000000000000043       0x44 ./Drivers/STM32F7xx_HAL_Driver/Src/stm32f7xx_hal_tim.o
 .comment       0x0000000000000043       0x44 ./Drivers/STM32F7xx_HAL_Driver/Src/stm32f7xx_hal_tim_ex.o
 .comment       0x0000000000000043       0x44 ./Drivers/STM32F7xx_HAL_Driver/Src/stm32f7xx_hal_uart.o
 .comment       0x0000000000000043       0x44 ./Middlewares/Third_Party/FreeRTOS/Source/CMSIS_RTOS_V2/cmsis_os2.o
 .comment       0x0000000000000043       0x44 ./Middlewares/Third_Party/FreeRTOS/Source/list.o
 .comment       0x0000000000000043       0x44 ./Middlewares/Third_Party/FreeRTOS/Source/queue.o
 .comment       0x0000000000000043       0x44 ./Middlewares/Third_Party/FreeRTOS/Source/tasks.o
 .comment       0x0000000000000043       0x44 ./Middlewares/Third_Party/FreeRTOS/Source/timers.o
 .comment       0x0000000000000043       0x44 ./Middlewares/Third_Party/FreeRTOS/Source/portable/GCC/ARM_CM7/r0p1/port.o
 .comment       0x0000000000000043       0x44 ./Middlewares/Third_Party/FreeRTOS/Source/portable/MemMang/heap_4.o

.debug_info     0x0000000000000000    0x1f772
 .debug_info    0x0000000000000000      0xc69 ./Core/Src/can.o
 .debug_info    0x0000000000000c69     0x101c ./Core/Src/can_utils.o
 .debug_info    0x0000000000001c85      0x50f ./Core/Src/crc.o
 .debug_info    0x0000000000002194      0xa38 ./Core/Src/freertos.o
 .debug_info    0x0000000000002bcc      0x465 ./Core/Src/gpio.o
 .debug_info    0x0000000000003031     0x149b ./Core/Src/main.o
 .debug_info    0x00000000000044cc      0x58c ./Core/Src/stm32f7xx_hal_msp.o
 .debug_info    0x0000000000004a58      0xd1d ./Core/Src/stm32f7xx_hal_timebase_tim.o
 .debug_info    0x0000000000005775      0xba4 ./Core/Src/stm32f7xx_it.o
 .debug_info    0x0000000000006319      0x6ed ./Core/Src/system_stm32f7xx.o
 .debug_info    0x0000000000006a06      0xc81 ./Core/Src/usart.o
 .debug_info    0x0000000000007687       0x23 ./Core/Startup/startup_stm32f767zitx.o
 .debug_info    0x00000000000076aa      0xa4c ./Drivers/STM32F7xx_HAL_Driver/Src/stm32f7xx_hal.o
 .debug_info    0x00000000000080f6      0xf20 ./Drivers/STM32F7xx_HAL_Driver/Src/stm32f7xx_hal_can.o
 .debug_info    0x0000000000009016      0xf8b ./Drivers/STM32F7xx_HAL_Driver/Src/stm32f7xx_hal_cortex.o
 .debug_info    0x0000000000009fa1      0x526 ./Drivers/STM32F7xx_HAL_Driver/Src/stm32f7xx_hal_crc.o
 .debug_info    0x000000000000a4c7      0x35b ./Drivers/STM32F7xx_HAL_Driver/Src/stm32f7xx_hal_crc_ex.o
 .debug_info    0x000000000000a822      0x6f3 ./Drivers/STM32F7xx_HAL_Driver/Src/stm32f7xx_hal_gpio.o
 .debug_info    0x000000000000af15      0x90e ./Drivers/STM32F7xx_HAL_Driver/Src/stm32f7xx_hal_pwr.o
 .debug_info    0x000000000000b823      0x8cd ./Drivers/STM32F7xx_HAL_Driver/Src/stm32f7xx_hal_pwr_ex.o
 .debug_info    0x000000000000c0f0      0x937 ./Drivers/STM32F7xx_HAL_Driver/Src/stm32f7xx_hal_rcc.o
 .debug_info    0x000000000000ca27      0x6e1 ./Drivers/STM32F7xx_HAL_Driver/Src/stm32f7xx_hal_rcc_ex.o
 .debug_info    0x000000000000d108     0x2ab2 ./Drivers/STM32F7xx_HAL_Driver/Src/stm32f7xx_hal_tim.o
 .debug_info    0x000000000000fbba     0x16bb ./Drivers/STM32F7xx_HAL_Driver/Src/stm32f7xx_hal_tim_ex.o
 .debug_info    0x0000000000011275     0x3a6d ./Drivers/STM32F7xx_HAL_Driver/Src/stm32f7xx_hal_uart.o
 .debug_info    0x0000000000014ce2     0x40a8 ./Middlewares/Third_Party/FreeRTOS/Source/CMSIS_RTOS_V2/cmsis_os2.o
 .debug_info    0x0000000000018d8a      0x2af ./Middlewares/Third_Party/FreeRTOS/Source/list.o
 .debug_info    0x0000000000019039     0x1b68 ./Middlewares/Third_Party/FreeRTOS/Source/queue.o
 .debug_info    0x000000000001aba1     0x2879 ./Middlewares/Third_Party/FreeRTOS/Source/tasks.o
 .debug_info    0x000000000001d41a     0x1aee ./Middlewares/Third_Party/FreeRTOS/Source/timers.o
 .debug_info    0x000000000001ef08      0x4a7 ./Middlewares/Third_Party/FreeRTOS/Source/portable/GCC/ARM_CM7/r0p1/port.o
 .debug_info    0x000000000001f3af      0x3c3 ./Middlewares/Third_Party/FreeRTOS/Source/portable/MemMang/heap_4.o

.debug_abbrev   0x0000000000000000     0x491d
 .debug_abbrev  0x0000000000000000      0x237 ./Core/Src/can.o
 .debug_abbrev  0x0000000000000237      0x3ab ./Core/Src/can_utils.o
 .debug_abbrev  0x00000000000005e2      0x19b ./Core/Src/crc.o
 .debug_abbrev  0x000000000000077d      0x24c ./Core/Src/freertos.o
 .debug_abbrev  0x00000000000009c9      0x152 ./Core/Src/gpio.o
 .debug_abbrev  0x0000000000000b1b      0x3aa ./Core/Src/main.o
 .debug_abbrev  0x0000000000000ec5      0x11b ./Core/Src/stm32f7xx_hal_msp.o
 .debug_abbrev  0x0000000000000fe0      0x1f4 ./Core/Src/stm32f7xx_hal_timebase_tim.o
 .debug_abbrev  0x00000000000011d4      0x1fd ./Core/Src/stm32f7xx_it.o
 .debug_abbrev  0x00000000000013d1      0x13b ./Core/Src/system_stm32f7xx.o
 .debug_abbrev  0x000000000000150c      0x1f9 ./Core/Src/usart.o
 .debug_abbrev  0x0000000000001705       0x12 ./Core/Startup/startup_stm32f767zitx.o
 .debug_abbrev  0x0000000000001717      0x213 ./Drivers/STM32F7xx_HAL_Driver/Src/stm32f7xx_hal.o
 .debug_abbrev  0x000000000000192a      0x252 ./Drivers/STM32F7xx_HAL_Driver/Src/stm32f7xx_hal_can.o
 .debug_abbrev  0x0000000000001b7c      0x329 ./Drivers/STM32F7xx_HAL_Driver/Src/stm32f7xx_hal_cortex.o
 .debug_abbrev  0x0000000000001ea5      0x1e7 ./Drivers/STM32F7xx_HAL_Driver/Src/stm32f7xx_hal_crc.o
 .debug_abbrev  0x000000000000208c      0x151 ./Drivers/STM32F7xx_HAL_Driver/Src/stm32f7xx_hal_crc_ex.o
 .debug_abbrev  0x00000000000021dd      0x1d4 ./Drivers/STM32F7xx_HAL_Driver/Src/stm32f7xx_hal_gpio.o
 .debug_abbrev  0x00000000000023b1      0x1c5 ./Drivers/STM32F7xx_HAL_Driver/Src/stm32f7xx_hal_pwr.o
 .debug_abbrev  0x0000000000002576      0x1d5 ./Drivers/STM32F7xx_HAL_Driver/Src/stm32f7xx_hal_pwr_ex.o
 .debug_abbrev  0x000000000000274b      0x2de ./Drivers/STM32F7xx_HAL_Driver/Src/stm32f7xx_hal_rcc.o