../Core/Src/stm32f7xx_it.c:73:6:NMI_Handler	4	static
../Core/Src/stm32f7xx_it.c:88:6:HardFault_Handler	4	static
../Core/Src/stm32f7xx_it.c:103:6:MemManage_Handler	4	static
../Core/Src/stm32f7xx_it.c:118:6:BusFault_Handler	4	static
../Core/Src/stm32f7xx_it.c:133:6:UsageFault_Handler	4	static
../Core/Src/stm32f7xx_it.c:148:6:DebugMon_Handler	4	static
../Core/Src/stm32f7xx_it.c:168:6:CAN1_TX_IRQHandler	8	static
../Core/Src/stm32f7xx_it.c:182:6:CAN1_RX0_IRQHandler	8	static
../Core/Src/stm32f7xx_it.c:196:6:CAN1_RX1_IRQHandler	8	static
../Core/Src/stm32f7xx_it.c:210:6:TIM8_TRG_COM_TIM14_IRQHandler	8	static
../Core/Src/stm32f7xx_it.c:224:6:CAN2_TX_IRQHandler	8	static
../Core/Src/stm32f7xx_it.c:238:6:CAN2_RX0_IRQHandler	8	static
../Core/Src/stm32f7xx_it.c:252:6:CAN2_RX1_IRQHandler	8	static
../Core/Src/stm32f7xx_it.c:266:6:FPU_IRQHandler	4	static
../Core/Src/stm32f7xx_it.c:279:6:CAN3_TX_IRQHandler	8	static
../Core/Src/stm32f7xx_it.c:293:6:CAN3_RX0_IRQHandler	8	static
../Core/Src/stm32f7xx_it.c:307:6:CAN3_RX1_IRQHandler	8	static
